<html>
<body>
<pre>
<h1>礦ision Build Log</h1>
<h2>Tool Versions:</h2>
IDE-Version: μVision V5.20.0.0
Copyright (C) 2016 ARM Ltd and ARM Germany GmbH. All rights reserved.
License Information: ljh ljh, STm, LIC=9WS45-GVG9E-QBGEE-5GRCC-6QJ6R-NF0XS
 
Tool Versions:
Toolchain:       MDK-ARM Plus  Version: 5.20
Toolchain Path:  E:\mdk520\ARM\ARMCC\Bin
C Compiler:      Armcc.exe V5.06 update 2 (build 183)
Assembler:       Armasm.exe V5.06 update 2 (build 183)
Linker/Locator:  ArmLink.exe V5.06 update 2 (build 183)
Library Manager: ArmAr.exe V5.06 update 2 (build 183)
Hex Converter:   FromElf.exe V5.06 update 2 (build 183)
CPU DLL:         SARMCM3.DLL V5.20
Dialog DLL:      DCM.DLL V1.13.7.0
Target DLL:      UL2CM3.DLL V1.157.18.0
Dialog DLL:      TCM.DLL V1.14.9.0
 
<h2>Project:</h2>
E:\毕设\项目工程\lesson1\lesson.uvprojx
Project File Date:  03/08/2020

<h2>Output:</h2>
*** Using Compiler 'V5.06 update 2 (build 183)', folder: 'E:\mdk520\ARM\ARMCC\Bin'
Rebuild target 'Target 1'
compiling stm32f10x_it.c...
compiling main.c...
compiling system_stm32f10x.c...
compiling misc.c...
compiling stm32f10x_bkp.c...
compiling stm32f10x_adc.c...
compiling stm32f10x_cec.c...
compiling stm32f10x_crc.c...
compiling stm32f10x_can.c...
compiling stm32f10x_dac.c...
compiling stm32f10x_dma.c...
compiling stm32f10x_dbgmcu.c...
compiling stm32f10x_exti.c...
compiling stm32f10x_fsmc.c...
compiling stm32f10x_flash.c...
compiling stm32f10x_iwdg.c...
compiling stm32f10x_gpio.c...
compiling stm32f10x_i2c.c...
compiling stm32f10x_pwr.c...
compiling stm32f10x_rtc.c...
compiling stm32f10x_rcc.c...
compiling stm32f10x_spi.c...
compiling stm32f10x_sdio.c...
compiling stm32f10x_tim.c...
assembling startup_stm32f10x_hd.s...
compiling stm32f10x_wwdg.c...
compiling stm32f10x_usart.c...
compiling es08ma.c...
compiling k1.c...
compiling led.c...
compiling uart.c...
compiling hcsr04.c...
compiling systick.c...
compiling exti.c...
compiling gpio.c...
compiling sim900a.c...
compiling rcc.c...
compiling nvic.c...
compiling timer.c...
compiling atgm336h.c...
linking...
Program Size: Code=12248 RO-data=472 RW-data=64 ZI-data=1472  
FromELF: creating hex file...
".\Objects\haha.axf" - 0 Error(s), 0 Warning(s).

<h2>Collection of Component include folders:</h2>
  E:\毕设\项目工程\lesson1\RTE
  E:\mdk520\ARM\PACK\Keil\STM32F1xx_DFP\2.1.0\Device\Include

<h2>Collection of Component Files used:</h2>
Build Time Elapsed:  00:00:18
</pre>
</body>
</html>
