Component: ARM Compiler 5.06 update 2 (build 183) Tool: armlink [4d35b7]

==============================================================================

Section Cross References

    main.o(i.main) refers to rcc.o(i.rcc_init) for rcc_init
    main.o(i.main) refers to systick.o(i.SYSTICK_Config) for SYSTICK_Config
    main.o(i.main) refers to misc.o(i.NVIC_PriorityGroupConfig) for NVIC_PriorityGroupConfig
    main.o(i.main) refers to led.o(i.led_init) for led_init
    main.o(i.main) refers to k1.o(i.k1_Init) for k1_Init
    main.o(i.main) refers to es08ma.o(i.es08ma_init) for es08ma_init
    main.o(i.main) refers to uart.o(i.usart1_init) for usart1_init
    main.o(i.main) refers to sim900a.o(i.sim900a_init) for sim900a_init
    main.o(i.main) refers to atgm336h.o(i.atgm336h_init) for atgm336h_init
    main.o(i.main) refers to hcsr04.o(i.hcsr04_1_init) for hcsr04_1_init
    main.o(i.main) refers to hcsr04.o(i.hcsr04_2_init) for hcsr04_2_init
    main.o(i.main) refers to systick.o(i.SYSTICK_DelayMs) for SYSTICK_DelayMs
    main.o(i.main) refers to printfa.o(i.__0printf) for __2printf
    main.o(i.main) refers to f2d.o(.text) for __aeabi_f2d
    main.o(i.main) refers to sim900a.o(i.sim900a_send_location_mes) for sim900a_send_location_mes
    main.o(i.main) refers to atgm336h.o(i.parsegpsbuffer) for parsegpsbuffer
    main.o(i.main) refers to hcsr04.o(.data) for distance2_value
    main.o(i.main) refers to main.o(.data) for issended
    system_stm32f10x.o(i.SetSysClock) refers to system_stm32f10x.o(i.SetSysClockTo72) for SetSysClockTo72
    system_stm32f10x.o(i.SystemCoreClockUpdate) refers to system_stm32f10x.o(.data) for SystemCoreClock
    system_stm32f10x.o(i.SystemInit) refers to system_stm32f10x.o(i.SetSysClock) for SetSysClock
    stm32f10x_adc.o(i.ADC_DeInit) refers to stm32f10x_rcc.o(i.RCC_APB2PeriphResetCmd) for RCC_APB2PeriphResetCmd
    stm32f10x_bkp.o(i.BKP_DeInit) refers to stm32f10x_rcc.o(i.RCC_BackupResetCmd) for RCC_BackupResetCmd
    stm32f10x_can.o(i.CAN_DeInit) refers to stm32f10x_rcc.o(i.RCC_APB1PeriphResetCmd) for RCC_APB1PeriphResetCmd
    stm32f10x_can.o(i.CAN_GetITStatus) refers to stm32f10x_can.o(i.CheckITStatus) for CheckITStatus
    stm32f10x_cec.o(i.CEC_DeInit) refers to stm32f10x_rcc.o(i.RCC_APB1PeriphResetCmd) for RCC_APB1PeriphResetCmd
    stm32f10x_dac.o(i.DAC_DeInit) refers to stm32f10x_rcc.o(i.RCC_APB1PeriphResetCmd) for RCC_APB1PeriphResetCmd
    stm32f10x_flash.o(i.FLASH_EnableWriteProtection) refers to stm32f10x_flash.o(i.FLASH_WaitForLastOperation) for FLASH_WaitForLastOperation
    stm32f10x_flash.o(i.FLASH_EraseAllBank1Pages) refers to stm32f10x_flash.o(i.FLASH_WaitForLastBank1Operation) for FLASH_WaitForLastBank1Operation
    stm32f10x_flash.o(i.FLASH_EraseAllPages) refers to stm32f10x_flash.o(i.FLASH_WaitForLastOperation) for FLASH_WaitForLastOperation
    stm32f10x_flash.o(i.FLASH_EraseOptionBytes) refers to stm32f10x_flash.o(i.FLASH_GetReadOutProtectionStatus) for FLASH_GetReadOutProtectionStatus
    stm32f10x_flash.o(i.FLASH_EraseOptionBytes) refers to stm32f10x_flash.o(i.FLASH_WaitForLastOperation) for FLASH_WaitForLastOperation
    stm32f10x_flash.o(i.FLASH_ErasePage) refers to stm32f10x_flash.o(i.FLASH_WaitForLastOperation) for FLASH_WaitForLastOperation
    stm32f10x_flash.o(i.FLASH_ProgramHalfWord) refers to stm32f10x_flash.o(i.FLASH_WaitForLastOperation) for FLASH_WaitForLastOperation
    stm32f10x_flash.o(i.FLASH_ProgramOptionByteData) refers to stm32f10x_flash.o(i.FLASH_WaitForLastOperation) for FLASH_WaitForLastOperation
    stm32f10x_flash.o(i.FLASH_ProgramWord) refers to stm32f10x_flash.o(i.FLASH_WaitForLastOperation) for FLASH_WaitForLastOperation
    stm32f10x_flash.o(i.FLASH_ReadOutProtection) refers to stm32f10x_flash.o(i.FLASH_WaitForLastOperation) for FLASH_WaitForLastOperation
    stm32f10x_flash.o(i.FLASH_UserOptionByteConfig) refers to stm32f10x_flash.o(i.FLASH_WaitForLastOperation) for FLASH_WaitForLastOperation
    stm32f10x_flash.o(i.FLASH_WaitForLastBank1Operation) refers to stm32f10x_flash.o(i.FLASH_GetBank1Status) for FLASH_GetBank1Status
    stm32f10x_flash.o(i.FLASH_WaitForLastOperation) refers to stm32f10x_flash.o(i.FLASH_GetBank1Status) for FLASH_GetBank1Status
    stm32f10x_gpio.o(i.GPIO_AFIODeInit) refers to stm32f10x_rcc.o(i.RCC_APB2PeriphResetCmd) for RCC_APB2PeriphResetCmd
    stm32f10x_gpio.o(i.GPIO_DeInit) refers to stm32f10x_rcc.o(i.RCC_APB2PeriphResetCmd) for RCC_APB2PeriphResetCmd
    stm32f10x_i2c.o(i.I2C_DeInit) refers to stm32f10x_rcc.o(i.RCC_APB1PeriphResetCmd) for RCC_APB1PeriphResetCmd
    stm32f10x_i2c.o(i.I2C_Init) refers to stm32f10x_rcc.o(i.RCC_GetClocksFreq) for RCC_GetClocksFreq
    stm32f10x_pwr.o(i.PWR_DeInit) refers to stm32f10x_rcc.o(i.RCC_APB1PeriphResetCmd) for RCC_APB1PeriphResetCmd
    stm32f10x_rcc.o(i.RCC_GetClocksFreq) refers to stm32f10x_rcc.o(.data) for APBAHBPrescTable
    stm32f10x_rcc.o(i.RCC_WaitForHSEStartUp) refers to stm32f10x_rcc.o(i.RCC_GetFlagStatus) for RCC_GetFlagStatus
[...]
    Removing stm32f10x_sdio.o(i.SDIO_CommandCompletionCmd), (12 bytes).
    Removing stm32f10x_sdio.o(i.SDIO_DMACmd), (12 bytes).
    Removing stm32f10x_sdio.o(i.SDIO_DataConfig), (48 bytes).
    Removing stm32f10x_sdio.o(i.SDIO_DataStructInit), (20 bytes).
    Removing stm32f10x_sdio.o(i.SDIO_DeInit), (36 bytes).
    Removing stm32f10x_sdio.o(i.SDIO_GetCommandResponse), (12 bytes).
    Removing stm32f10x_sdio.o(i.SDIO_GetDataCounter), (12 bytes).
    Removing stm32f10x_sdio.o(i.SDIO_GetFIFOCount), (12 bytes).
    Removing stm32f10x_sdio.o(i.SDIO_GetFlagStatus), (24 bytes).
    Removing stm32f10x_sdio.o(i.SDIO_GetITStatus), (24 bytes).
    Removing stm32f10x_sdio.o(i.SDIO_GetPowerState), (16 bytes).
    Removing stm32f10x_sdio.o(i.SDIO_GetResponse), (24 bytes).
    Removing stm32f10x_sdio.o(i.SDIO_ITConfig), (32 bytes).
    Removing stm32f10x_sdio.o(i.SDIO_Init), (48 bytes).
    Removing stm32f10x_sdio.o(i.SDIO_ReadData), (12 bytes).
    Removing stm32f10x_sdio.o(i.SDIO_SendCEATACmd), (12 bytes).
    Removing stm32f10x_sdio.o(i.SDIO_SendCommand), (44 bytes).
    Removing stm32f10x_sdio.o(i.SDIO_SendSDIOSuspendCmd), (12 bytes).
    Removing stm32f10x_sdio.o(i.SDIO_SetPowerState), (28 bytes).
    Removing stm32f10x_sdio.o(i.SDIO_SetSDIOOperation), (12 bytes).
    Removing stm32f10x_sdio.o(i.SDIO_SetSDIOReadWaitMode), (12 bytes).
    Removing stm32f10x_sdio.o(i.SDIO_StartSDIOReadWait), (12 bytes).
    Removing stm32f10x_sdio.o(i.SDIO_StopSDIOReadWait), (12 bytes).
    Removing stm32f10x_sdio.o(i.SDIO_StructInit), (16 bytes).
    Removing stm32f10x_sdio.o(i.SDIO_WriteData), (12 bytes).
    Removing stm32f10x_spi.o(i.I2S_Cmd), (24 bytes).
    Removing stm32f10x_spi.o(i.I2S_Init), (232 bytes).
    Removing stm32f10x_spi.o(i.I2S_StructInit), (20 bytes).
    Removing stm32f10x_spi.o(i.SPI_BiDirectionalLineConfig), (28 bytes).
    Removing stm32f10x_spi.o(i.SPI_CalculateCRC), (24 bytes).
    Removing stm32f10x_spi.o(i.SPI_Cmd), (24 bytes).
    Removing stm32f10x_spi.o(i.SPI_DataSizeConfig), (18 bytes).
    Removing stm32f10x_spi.o(i.SPI_GetCRC), (16 bytes).
    Removing stm32f10x_spi.o(i.SPI_GetCRCPolynomial), (6 bytes).
    Removing stm32f10x_spi.o(i.SPI_I2S_ClearFlag), (6 bytes).
    Removing stm32f10x_spi.o(i.SPI_I2S_ClearITPendingBit), (20 bytes).
    Removing stm32f10x_spi.o(i.SPI_I2S_DMACmd), (18 bytes).
    Removing stm32f10x_spi.o(i.SPI_I2S_DeInit), (88 bytes).
    Removing stm32f10x_spi.o(i.SPI_I2S_GetFlagStatus), (18 bytes).
    Removing stm32f10x_spi.o(i.SPI_I2S_GetITStatus), (52 bytes).
    Removing stm32f10x_spi.o(i.SPI_I2S_ITConfig), (32 bytes).
    Removing stm32f10x_spi.o(i.SPI_I2S_ReceiveData), (6 bytes).
    Removing stm32f10x_spi.o(i.SPI_I2S_SendData), (4 bytes).
    Removing stm32f10x_spi.o(i.SPI_Init), (60 bytes).
    Removing stm32f10x_spi.o(i.SPI_NSSInternalSoftwareConfig), (30 bytes).
    Removing stm32f10x_spi.o(i.SPI_SSOutputCmd), (24 bytes).
    Removing stm32f10x_spi.o(i.SPI_StructInit), (24 bytes).
    Removing stm32f10x_spi.o(i.SPI_TransmitCRC), (10 bytes).
    Removing stm32f10x_tim.o(i.TI1_Config), (128 bytes).
    Removing stm32f10x_tim.o(i.TI2_Config), (152 bytes).
    Removing stm32f10x_tim.o(i.TI3_Config), (144 bytes).
    Removing stm32f10x_tim.o(i.TI4_Config), (152 bytes).
    Removing stm32f10x_tim.o(i.TIM_BDTRConfig), (32 bytes).
    Removing stm32f10x_tim.o(i.TIM_BDTRStructInit), (18 bytes).
    Removing stm32f10x_tim.o(i.TIM_CCPreloadControl), (24 bytes).
    Removing stm32f10x_tim.o(i.TIM_CCxCmd), (30 bytes).
    Removing stm32f10x_tim.o(i.TIM_CCxNCmd), (30 bytes).
    Removing stm32f10x_tim.o(i.TIM_ClearOC1Ref), (18 bytes).
    Removing stm32f10x_tim.o(i.TIM_ClearOC2Ref), (24 bytes).
    Removing stm32f10x_tim.o(i.TIM_ClearOC3Ref), (18 bytes).
    Removing stm32f10x_tim.o(i.TIM_ClearOC4Ref), (24 bytes).
    Removing stm32f10x_tim.o(i.TIM_CounterModeConfig), (18 bytes).
    Removing stm32f10x_tim.o(i.TIM_CtrlPWMOutputs), (30 bytes).
    Removing stm32f10x_tim.o(i.TIM_DMACmd), (18 bytes).
    Removing stm32f10x_tim.o(i.TIM_DMAConfig), (10 bytes).
    Removing stm32f10x_tim.o(i.TIM_DeInit), (488 bytes).
    Removing stm32f10x_tim.o(i.TIM_ETRClockMode1Config), (54 bytes).
    Removing stm32f10x_tim.o(i.TIM_ETRClockMode2Config), (32 bytes).
    Removing stm32f10x_tim.o(i.TIM_ETRConfig), (28 bytes).
    Removing stm32f10x_tim.o(i.TIM_EncoderInterfaceConfig), (66 bytes).
    Removing stm32f10x_tim.o(i.TIM_ForcedOC1Config), (18 bytes).
    Removing stm32f10x_tim.o(i.TIM_ForcedOC2Config), (26 bytes).
    Removing stm32f10x_tim.o(i.TIM_ForcedOC3Config), (18 bytes).
    Removing stm32f10x_tim.o(i.TIM_ForcedOC4Config), (26 bytes).
    Removing stm32f10x_tim.o(i.TIM_GenerateEvent), (4 bytes).
    Removing stm32f10x_tim.o(i.TIM_GetCapture1), (6 bytes).
    Removing stm32f10x_tim.o(i.TIM_GetCapture2), (6 bytes).
    Removing stm32f10x_tim.o(i.TIM_GetCapture3), (6 bytes).
    Removing stm32f10x_tim.o(i.TIM_GetCapture4), (8 bytes).
    Removing stm32f10x_tim.o(i.TIM_GetFlagStatus), (18 bytes).
    Removing stm32f10x_tim.o(i.TIM_GetPrescaler), (6 bytes).
    Removing stm32f10x_tim.o(i.TIM_ICInit), (172 bytes).
    Removing stm32f10x_tim.o(i.TIM_ICStructInit), (18 bytes).
    Removing stm32f10x_tim.o(i.TIM_ITRxExternalClockConfig), (24 bytes).
    Removing stm32f10x_tim.o(i.TIM_InternalClockConfig), (12 bytes).
    Removing stm32f10x_tim.o(i.TIM_OC1FastConfig), (18 bytes).
    Removing stm32f10x_tim.o(i.TIM_OC1NPolarityConfig), (18 bytes).
    Removing stm32f10x_tim.o(i.TIM_OC1PolarityConfig), (18 bytes).
    Removing stm32f10x_tim.o(i.TIM_OC2FastConfig), (26 bytes).
    Removing stm32f10x_tim.o(i.TIM_OC2Init), (164 bytes).
    Removing stm32f10x_tim.o(i.TIM_OC2NPolarityConfig), (26 bytes).
    Removing stm32f10x_tim.o(i.TIM_OC2PolarityConfig), (26 bytes).
    Removing stm32f10x_tim.o(i.TIM_OC2PreloadConfig), (26 bytes).
    Removing stm32f10x_tim.o(i.TIM_OC3FastConfig), (18 bytes).
    Removing stm32f10x_tim.o(i.TIM_OC3Init), (160 bytes).
    Removing stm32f10x_tim.o(i.TIM_OC3NPolarityConfig), (26 bytes).
    Removing stm32f10x_tim.o(i.TIM_OC3PolarityConfig), (26 bytes).
    Removing stm32f10x_tim.o(i.TIM_OC3PreloadConfig), (18 bytes).
    Removing stm32f10x_tim.o(i.TIM_OC4FastConfig), (26 bytes).
    Removing stm32f10x_tim.o(i.TIM_OC4Init), (124 bytes).
    Removing stm32f10x_tim.o(i.TIM_OC4PolarityConfig), (26 bytes).
    Removing stm32f10x_tim.o(i.TIM_OC4PreloadConfig), (26 bytes).
    Removing stm32f10x_tim.o(i.TIM_OCStructInit), (20 bytes).
    Removing stm32f10x_tim.o(i.TIM_PWMIConfig), (124 bytes).
    Removing stm32f10x_tim.o(i.TIM_PrescalerConfig), (6 bytes).
    Removing stm32f10x_tim.o(i.TIM_SelectCCDMA), (24 bytes).
    Removing stm32f10x_tim.o(i.TIM_SelectCOM), (24 bytes).
    Removing stm32f10x_tim.o(i.TIM_SelectHallSensor), (24 bytes).
    Removing stm32f10x_tim.o(i.TIM_SelectInputTrigger), (18 bytes).
    Removing stm32f10x_tim.o(i.TIM_SelectMasterSlaveMode), (18 bytes).
    Removing stm32f10x_tim.o(i.TIM_SelectOCxM), (82 bytes).
    Removing stm32f10x_tim.o(i.TIM_SelectOnePulseMode), (18 bytes).
    Removing stm32f10x_tim.o(i.TIM_SelectOutputTrigger), (18 bytes).
    Removing stm32f10x_tim.o(i.TIM_SelectSlaveMode), (18 bytes).
    Removing stm32f10x_tim.o(i.TIM_SetAutoreload), (4 bytes).
    Removing stm32f10x_tim.o(i.TIM_SetClockDivision), (18 bytes).
    Removing stm32f10x_tim.o(i.TIM_SetCompare2), (4 bytes).
    Removing stm32f10x_tim.o(i.TIM_SetCompare3), (4 bytes).
    Removing stm32f10x_tim.o(i.TIM_SetCompare4), (6 bytes).
    Removing stm32f10x_tim.o(i.TIM_SetIC1Prescaler), (18 bytes).
    Removing stm32f10x_tim.o(i.TIM_SetIC2Prescaler), (26 bytes).
    Removing stm32f10x_tim.o(i.TIM_SetIC3Prescaler), (18 bytes).
    Removing stm32f10x_tim.o(i.TIM_SetIC4Prescaler), (26 bytes).
    Removing stm32f10x_tim.o(i.TIM_TIxExternalClockConfig), (62 bytes).
    Removing stm32f10x_tim.o(i.TIM_TimeBaseStructInit), (18 bytes).
    Removing stm32f10x_tim.o(i.TIM_UpdateDisableConfig), (24 bytes).
    Removing stm32f10x_tim.o(i.TIM_UpdateRequestConfig), (24 bytes).
    Removing stm32f10x_usart.o(i.USART_ClockInit), (34 bytes).
    Removing stm32f10x_usart.o(i.USART_ClockStructInit), (12 bytes).
    Removing stm32f10x_usart.o(i.USART_DMACmd), (18 bytes).
    Removing stm32f10x_usart.o(i.USART_DeInit), (156 bytes).
    Removing stm32f10x_usart.o(i.USART_HalfDuplexCmd), (24 bytes).
    Removing stm32f10x_usart.o(i.USART_IrDACmd), (24 bytes).
    Removing stm32f10x_usart.o(i.USART_IrDAConfig), (18 bytes).
    Removing stm32f10x_usart.o(i.USART_LINBreakDetectLengthConfig), (18 bytes).
    Removing stm32f10x_usart.o(i.USART_LINCmd), (24 bytes).
    Removing stm32f10x_usart.o(i.USART_OneBitMethodCmd), (24 bytes).
    Removing stm32f10x_usart.o(i.USART_OverSampling8Cmd), (22 bytes).
    Removing stm32f10x_usart.o(i.USART_ReceiverWakeUpCmd), (24 bytes).
    Removing stm32f10x_usart.o(i.USART_SendBreak), (10 bytes).
    Removing stm32f10x_usart.o(i.USART_SetAddress), (18 bytes).
    Removing stm32f10x_usart.o(i.USART_SetGuardTime), (16 bytes).
    Removing stm32f10x_usart.o(i.USART_SetPrescaler), (16 bytes).
    Removing stm32f10x_usart.o(i.USART_SmartCardCmd), (24 bytes).
    Removing stm32f10x_usart.o(i.USART_SmartCardNACKCmd), (24 bytes).
    Removing stm32f10x_usart.o(i.USART_StructInit), (24 bytes).
    Removing stm32f10x_usart.o(i.USART_WakeUpConfig), (18 bytes).
    Removing stm32f10x_wwdg.o(i.WWDG_ClearFlag), (12 bytes).
    Removing stm32f10x_wwdg.o(i.WWDG_DeInit), (22 bytes).
    Removing stm32f10x_wwdg.o(i.WWDG_Enable), (16 bytes).
    Removing stm32f10x_wwdg.o(i.WWDG_EnableIT), (12 bytes).
    Removing stm32f10x_wwdg.o(i.WWDG_GetFlagStatus), (12 bytes).
    Removing stm32f10x_wwdg.o(i.WWDG_SetCounter), (16 bytes).
    Removing stm32f10x_wwdg.o(i.WWDG_SetPrescaler), (24 bytes).
    Removing stm32f10x_wwdg.o(i.WWDG_SetWindowValue), (40 bytes).
    Removing startup_stm32f10x_hd.o(HEAP), (512 bytes).
    Removing systick.o(i.SYSTICK_DelayUs), (72 bytes).
    Removing nvic.o(i.timer4_nvic_init), (32 bytes).
    Removing nvic.o(i.timer6_nvic_init), (32 bytes).
    Removing timer.o(i.timer4_init), (60 bytes).
    Removing timer.o(i.timer6_init), (60 bytes).
    Removing atgm336h.o(i.getlatitude), (292 bytes).
    Removing atgm336h.o(i.getlongtitude), (304 bytes).
    Removing dflti.o(.text), (34 bytes).

448 unused section(s) (total 18688 bytes) removed from the image.

==============================================================================

Image Symbol Table

    Local Symbols

    Symbol Name                              Value     Ov Type        Size  Object(Section)

    ../clib/microlib/ctype/ctype.c           0x00000000   Number         0  isspace_c.o ABSOLUTE
    ../clib/microlib/ctype/ctype.c           0x00000000   Number         0  ctype_c.o ABSOLUTE
    ../clib/microlib/division.c              0x00000000   Number         0  uldiv.o ABSOLUTE
    ../clib/microlib/division.c              0x00000000   Number         0  uidiv.o ABSOLUTE
    ../clib/microlib/errno.c                 0x00000000   Number         0  errno.o ABSOLUTE
    ../clib/microlib/init/entry.s            0x00000000   Number         0  entry9b.o ABSOLUTE
    ../clib/microlib/init/entry.s            0x00000000   Number         0  entry10a.o ABSOLUTE
    ../clib/microlib/init/entry.s            0x00000000   Number         0  entry9a.o ABSOLUTE
    ../clib/microlib/init/entry.s            0x00000000   Number         0  entry8b.o ABSOLUTE
    ../clib/microlib/init/entry.s            0x00000000   Number         0  entry8a.o ABSOLUTE
    ../clib/microlib/init/entry.s            0x00000000   Number         0  entry7b.o ABSOLUTE
    ../clib/microlib/init/entry.s            0x00000000   Number         0  entry7a.o ABSOLUTE
    ../clib/microlib/init/entry.s            0x00000000   Number         0  entry5.o ABSOLUTE
    ../clib/microlib/init/entry.s            0x00000000   Number         0  entry.o ABSOLUTE
    ../clib/microlib/init/entry.s            0x00000000   Number         0  entry2.o ABSOLUTE
    ../clib/microlib/init/entry.s            0x00000000   Number         0  entry10b.o ABSOLUTE
    ../clib/microlib/init/entry.s            0x00000000   Number         0  entry11a.o ABSOLUTE
    ../clib/microlib/init/entry.s            0x00000000   Number         0  entry11b.o ABSOLUTE
    ../clib/microlib/longlong.c              0x00000000   Number         0  llshl.o ABSOLUTE
    ../clib/microlib/longlong.c              0x00000000   Number         0  llushr.o ABSOLUTE
    ../clib/microlib/longlong.c              0x00000000   Number         0  llsshr.o ABSOLUTE
    ../clib/microlib/printf/printf.c         0x00000000   Number         0  printf8.o ABSOLUTE
    ../clib/microlib/printf/printf.c         0x00000000   Number         0  printf7.o ABSOLUTE
    ../clib/microlib/printf/printf.c         0x00000000   Number         0  printf6.o ABSOLUTE
    ../clib/microlib/printf/printf.c         0x00000000   Number         0  printf0.o ABSOLUTE
    ../clib/microlib/printf/printf.c         0x00000000   Number         0  printfb.o ABSOLUTE
    ../clib/microlib/printf/printf.c         0x00000000   Number         0  printf5.o ABSOLUTE
    ../clib/microlib/printf/printf.c         0x00000000   Number         0  printf2.o ABSOLUTE
    ../clib/microlib/printf/printf.c         0x00000000   Number         0  printf1.o ABSOLUTE
    ../clib/microlib/printf/printf.c         0x00000000   Number         0  printf4.o ABSOLUTE
    ../clib/microlib/printf/printf.c         0x00000000   Number         0  printf3.o ABSOLUTE
    ../clib/microlib/printf/printf.c         0x00000000   Number         0  printfa.o ABSOLUTE
    ../clib/microlib/printf/stubs.s          0x00000000   Number         0  stubs.o ABSOLUTE
    ../clib/microlib/stdio/streams.c         0x00000000   Number         0  stdout.o ABSOLUTE
    ../clib/microlib/string/memcpy.c         0x00000000   Number         0  memcpyb.o ABSOLUTE
    ../clib/microlib/string/memcpy.c         0x00000000   Number         0  memcpya.o ABSOLUTE
    ../clib/microlib/string/memset.c         0x00000000   Number         0  memseta.o ABSOLUTE
    ../clib/microlib/string/strcat.c         0x00000000   Number         0  strcat.o ABSOLUTE
    ../clib/microlib/string/strstr.c         0x00000000   Number         0  strstr.o ABSOLUTE
    ../clib/microlib/stubs.s                 0x00000000   Number         0  iusefp.o ABSOLUTE
    ../clib/scanf.c                          0x00000000   Number         0  _sgetc.o ABSOLUTE
    ../clib/scanf.c                          0x00000000   Number         0  scanf_fp.o ABSOLUTE
    ../clib/scanf.c                          0x00000000   Number         0  strtod.o ABSOLUTE
    ../fplib/microlib/d2f.c                  0x00000000   Number         0  d2f.o ABSOLUTE
    ../fplib/microlib/f2d.c                  0x00000000   Number         0  f2d.o ABSOLUTE
    ../fplib/microlib/fpadd.c                0x00000000   Number         0  fadd.o ABSOLUTE
    ../fplib/microlib/fpadd.c                0x00000000   Number         0  dadd.o ABSOLUTE
    ../fplib/microlib/fpdiv.c                0x00000000   Number         0  ddiv.o ABSOLUTE
    ../fplib/microlib/fpepilogue.c           0x00000000   Number         0  fepilogue.o ABSOLUTE
    ../fplib/microlib/fpepilogue.c           0x00000000   Number         0  depilogue.o ABSOLUTE
    ../fplib/microlib/fpfix.c                0x00000000   Number         0  dfixul.o ABSOLUTE
    ../fplib/microlib/fpfix.c                0x00000000   Number         0  dfixi.o ABSOLUTE
    ../fplib/microlib/fpflt.c                0x00000000   Number         0  dflti.o ABSOLUTE
    ../fplib/microlib/fpflt.c                0x00000000   Number         0  fflti.o ABSOLUTE
    ../fplib/microlib/fpflt.c                0x00000000   Number         0  dfltul.o ABSOLUTE
    ../fplib/microlib/fpmul.c                0x00000000   Number         0  dmul.o ABSOLUTE
    ../mathlib/atof.c                        0x00000000   Number         0  atof.o ABSOLUTE
    Libraries\CMSIS\CM3\DeviceSupport\ST\STM32F10x\startup\arm\startup_stm32f10x_hd.s 0x00000000   Number         0  startup_stm32f10x_hd.o ABSOLUTE
    Libraries\STM32F10x_StdPeriph_Driver\src\misc.c 0x00000000   Number         0  misc.o ABSOLUTE
    Libraries\STM32F10x_StdPeriph_Driver\src\stm32f10x_adc.c 0x00000000   Number         0  stm32f10x_adc.o ABSOLUTE
    Libraries\STM32F10x_StdPeriph_Driver\src\stm32f10x_bkp.c 0x00000000   Number         0  stm32f10x_bkp.o ABSOLUTE
    Libraries\STM32F10x_StdPeriph_Driver\src\stm32f10x_can.c 0x00000000   Number         0  stm32f10x_can.o ABSOLUTE
    Libraries\STM32F10x_StdPeriph_Driver\src\stm32f10x_cec.c 0x00000000   Number         0  stm32f10x_cec.o ABSOLUTE
    Libraries\STM32F10x_StdPeriph_Driver\src\stm32f10x_crc.c 0x00000000   Number         0  stm32f10x_crc.o ABSOLUTE
    Libraries\STM32F10x_StdPeriph_Driver\src\stm32f10x_dac.c 0x00000000   Number         0  stm32f10x_dac.o ABSOLUTE
    Libraries\STM32F10x_StdPeriph_Driver\src\stm32f10x_dbgmcu.c 0x00000000   Number         0  stm32f10x_dbgmcu.o ABSOLUTE
    Libraries\STM32F10x_StdPeriph_Driver\src\stm32f10x_dma.c 0x00000000   Number         0  stm32f10x_dma.o ABSOLUTE
    Libraries\STM32F10x_StdPeriph_Driver\src\stm32f10x_exti.c 0x00000000   Number         0  stm32f10x_exti.o ABSOLUTE
    Libraries\STM32F10x_StdPeriph_Driver\src\stm32f10x_flash.c 0x00000000   Number         0  stm32f10x_flash.o ABSOLUTE
    Libraries\STM32F10x_StdPeriph_Driver\src\stm32f10x_fsmc.c 0x00000000   Number         0  stm32f10x_fsmc.o ABSOLUTE
    Libraries\STM32F10x_StdPeriph_Driver\src\stm32f10x_gpio.c 0x00000000   Number         0  stm32f10x_gpio.o ABSOLUTE
    Libraries\STM32F10x_StdPeriph_Driver\src\stm32f10x_i2c.c 0x00000000   Number         0  stm32f10x_i2c.o ABSOLUTE
    Libraries\STM32F10x_StdPeriph_Driver\src\stm32f10x_iwdg.c 0x00000000   Number         0  stm32f10x_iwdg.o ABSOLUTE
    Libraries\STM32F10x_StdPeriph_Driver\src\stm32f10x_pwr.c 0x00000000   Number         0  stm32f10x_pwr.o ABSOLUTE
    Libraries\STM32F10x_StdPeriph_Driver\src\stm32f10x_rcc.c 0x00000000   Number         0  stm32f10x_rcc.o ABSOLUTE
    Libraries\STM32F10x_StdPeriph_Driver\src\stm32f10x_rtc.c 0x00000000   Number         0  stm32f10x_rtc.o ABSOLUTE
    Libraries\STM32F10x_StdPeriph_Driver\src\stm32f10x_sdio.c 0x00000000   Number         0  stm32f10x_sdio.o ABSOLUTE
    Libraries\STM32F10x_StdPeriph_Driver\src\stm32f10x_spi.c 0x00000000   Number         0  stm32f10x_spi.o ABSOLUTE
    Libraries\STM32F10x_StdPeriph_Driver\src\stm32f10x_tim.c 0x00000000   Number         0  stm32f10x_tim.o ABSOLUTE
    Libraries\STM32F10x_StdPeriph_Driver\src\stm32f10x_usart.c 0x00000000   Number         0  stm32f10x_usart.o ABSOLUTE
    Libraries\STM32F10x_StdPeriph_Driver\src\stm32f10x_wwdg.c 0x00000000   Number         0  stm32f10x_wwdg.o ABSOLUTE
    cdcmple.s                                0x00000000   Number         0  cdcmple.o ABSOLUTE
    cdrcmple.s                               0x00000000   Number         0  cdrcmple.o ABSOLUTE
    dc.s                                     0x00000000   Number         0  dc.o ABSOLUTE
    driver\source\atgm336h.c                 0x00000000   Number         0  atgm336h.o ABSOLUTE
    driver\source\es08ma.c                   0x00000000   Number         0  es08ma.o ABSOLUTE
    driver\source\exti.c                     0x00000000   Number         0  exti.o ABSOLUTE
    driver\source\gpio.c                     0x00000000   Number         0  gpio.o ABSOLUTE
    driver\source\hcsr04.c                   0x00000000   Number         0  hcsr04.o ABSOLUTE
    driver\source\k1.c                       0x00000000   Number         0  k1.o ABSOLUTE
    driver\source\led.c                      0x00000000   Number         0  led.o ABSOLUTE
    driver\source\nvic.c                     0x00000000   Number         0  nvic.o ABSOLUTE
    driver\source\rcc.c                      0x00000000   Number         0  rcc.o ABSOLUTE
    driver\source\sim900a.c                  0x00000000   Number         0  sim900a.o ABSOLUTE
    driver\source\systick.c                  0x00000000   Number         0  systick.o ABSOLUTE
    driver\source\timer.c                    0x00000000   Number         0  timer.o ABSOLUTE
    driver\source\uart.c                     0x00000000   Number         0  uart.o ABSOLUTE
    handlers.s                               0x00000000   Number         0  handlers.o ABSOLUTE
    init.s                                   0x00000000   Number         0  init.o ABSOLUTE
    main.c                                   0x00000000   Number         0  main.o ABSOLUTE
    stm32f10x_it.c                           0x00000000   Number         0  stm32f10x_it.o ABSOLUTE
    system_stm32f10x.c                       0x00000000   Number         0  system_stm32f10x.o ABSOLUTE
    RESET                                    0x08000000   Section      304  startup_stm32f10x_hd.o(RESET)
    .ARM.Collect$$$$00000000                 0x08000130   Section        0  entry.o(.ARM.Collect$$$$00000000)
    .ARM.Collect$$$$00000001                 0x08000130   Section        4  entry2.o(.ARM.Collect$$$$00000001)
    .ARM.Collect$$$$00000004                 0x08000134   Section        4  entry5.o(.ARM.Collect$$$$00000004)
    .ARM.Collect$$$$00000008                 0x08000138   Section        0  entry7b.o(.ARM.Collect$$$$00000008)
    .ARM.Collect$$$$0000000A                 0x08000138   Section        0  entry8b.o(.ARM.Collect$$$$0000000A)
    .ARM.Collect$$$$0000000B                 0x08000138   Section        8  entry9a.o(.ARM.Collect$$$$0000000B)
    .ARM.Collect$$$$0000000D                 0x08000140   Section        0  entry10a.o(.ARM.Collect$$$$0000000D)
    .ARM.Collect$$$$0000000F                 0x08000140   Section        0  entry11a.o(.ARM.Collect$$$$0000000F)
    .ARM.Collect$$$$00002712                 0x08000140   Section        4  entry2.o(.ARM.Collect$$$$00002712)
    __lit__00000000                          0x08000140   Data           4  entry2.o(.ARM.Collect$$$$00002712)
    .text                                    0x08000144   Section       36  startup_stm32f10x_hd.o(.text)
    .text                                    0x08000168   Section        0  memcpya.o(.text)
    .text                                    0x0800018c   Section        0  memseta.o(.text)
    .text                                    0x080001b0   Section        0  strcat.o(.text)
    .text                                    0x080001c8   Section        0  strstr.o(.text)
    .text                                    0x080001ec   Section        0  fadd.o(.text)
    .text                                    0x0800029c   Section        0  dadd.o(.text)
    .text                                    0x080003ea   Section        0  dmul.o(.text)
    .text                                    0x080004ce   Section        0  ddiv.o(.text)
    .text                                    0x080005ac   Section        0  fflti.o(.text)
    .text                                    0x080005be   Section        0  dfixi.o(.text)
    .text                                    0x080005fc   Section        0  f2d.o(.text)
    .text                                    0x08000624   Section       48  cdcmple.o(.text)
    .text                                    0x08000654   Section        0  d2f.o(.text)
    .text                                    0x0800068c   Section        0  uidiv.o(.text)
    .text                                    0x080006b8   Section        0  uldiv.o(.text)
    .text                                    0x0800071a   Section        0  llshl.o(.text)
    .text                                    0x08000738   Section        0  llushr.o(.text)
    .text                                    0x08000758   Section        0  llsshr.o(.text)
    .text                                    0x0800077c   Section        0  strtod.o(.text)
    _local_sscanf                            0x0800077d   Thumb Code    54  strtod.o(.text)
    .text                                    0x08000818   Section        0  fepilogue.o(.text)
    .text                                    0x08000818   Section        0  iusefp.o(.text)
    .text                                    0x08000886   Section        0  depilogue.o(.text)
    .text                                    0x08000940   Section        0  dfixul.o(.text)
    .text                                    0x08000970   Section       48  cdrcmple.o(.text)
    .text                                    0x080009a0   Section       36  init.o(.text)
    .text                                    0x080009c4   Section        0  isspace_c.o(.text)
    .text                                    0x080009d0   Section        0  scanf_fp.o(.text)
    _fp_value                                0x080009d1   Thumb Code   256  scanf_fp.o(.text)
    .text                                    0x08000d08   Section        0  _sgetc.o(.text)
    .text                                    0x08000d48   Section        0  ctype_c.o(.text)
    .text                                    0x08000d70   Section        0  dfltul.o(.text)
    i.BusFault_Handler                       0x08000d88   Section        0  stm32f10x_it.o(i.BusFault_Handler)
    i.DebugMon_Handler                       0x08000d8c   Section        0  stm32f10x_it.o(i.DebugMon_Handler)
    i.EXTI0_IRQHandler                       0x08000d90   Section        0  k1.o(i.EXTI0_IRQHandler)
    i.EXTI9_5_IRQHandler                     0x08000de0   Section        0  hcsr04.o(i.EXTI9_5_IRQHandler)
    i.EXTI_ClearITPendingBit                 0x08000f14   Section        0  stm32f10x_exti.o(i.EXTI_ClearITPendingBit)
    i.EXTI_GetITStatus                       0x08000f20   Section        0  stm32f10x_exti.o(i.EXTI_GetITStatus)
    i.EXTI_Init                              0x08000f48   Section        0  stm32f10x_exti.o(i.EXTI_Init)
    i.GPIO_EXTILineConfig                    0x08000fdc   Section        0  stm32f10x_gpio.o(i.GPIO_EXTILineConfig)
    i.GPIO_Init                              0x0800101c   Section        0  stm32f10x_gpio.o(i.GPIO_Init)
    i.GPIO_PinRemapConfig                    0x08001134   Section        0  stm32f10x_gpio.o(i.GPIO_PinRemapConfig)
    i.GPIO_ReadInputDataBit                  0x080011c4   Section        0  stm32f10x_gpio.o(i.GPIO_ReadInputDataBit)
    i.GPIO_ResetBits                         0x080011d6   Section        0  stm32f10x_gpio.o(i.GPIO_ResetBits)
    i.GPIO_SetBits                           0x080011da   Section        0  stm32f10x_gpio.o(i.GPIO_SetBits)
    i.HardFault_Handler                      0x080011de   Section        0  stm32f10x_it.o(i.HardFault_Handler)
    i.MemManage_Handler                      0x080011e2   Section        0  stm32f10x_it.o(i.MemManage_Handler)
    i.NMI_Handler                            0x080011e6   Section        0  stm32f10x_it.o(i.NMI_Handler)
    i.NVIC_Init                              0x080011e8   Section        0  misc.o(i.NVIC_Init)
    i.NVIC_PriorityGroupConfig               0x08001258   Section        0  misc.o(i.NVIC_PriorityGroupConfig)
    i.PendSV_Handler                         0x0800126c   Section        0  stm32f10x_it.o(i.PendSV_Handler)
    i.RCC_APB1PeriphClockCmd                 0x08001270   Section        0  stm32f10x_rcc.o(i.RCC_APB1PeriphClockCmd)
    i.RCC_APB2PeriphClockCmd                 0x08001290   Section        0  stm32f10x_rcc.o(i.RCC_APB2PeriphClockCmd)
    i.RCC_GetClocksFreq                      0x080012b0   Section        0  stm32f10x_rcc.o(i.RCC_GetClocksFreq)
    i.SVC_Handler                            0x08001384   Section        0  stm32f10x_it.o(i.SVC_Handler)
    i.SYSTICK_Config                         0x08001388   Section        0  systick.o(i.SYSTICK_Config)
    i.SYSTICK_DelayMs                        0x080013c8   Section        0  systick.o(i.SYSTICK_DelayMs)
    i.SetSysClock                            0x08001454   Section        0  system_stm32f10x.o(i.SetSysClock)
    SetSysClock                              0x08001455   Thumb Code     8  system_stm32f10x.o(i.SetSysClock)
    i.SetSysClockTo72                        0x0800145c   Section        0  system_stm32f10x.o(i.SetSysClockTo72)
    SetSysClockTo72                          0x0800145d   Thumb Code   214  system_stm32f10x.o(i.SetSysClockTo72)
    i.SysTick_Handler                        0x0800153c   Section        0  stm32f10x_it.o(i.SysTick_Handler)
    i.SystemInit                             0x08001540   Section        0  system_stm32f10x.o(i.SystemInit)
    i.TIM3_IRQHandler                        0x080015a0   Section        0  es08ma.o(i.TIM3_IRQHandler)
    i.TIM4_IRQHandler                        0x080015f0   Section        0  sim900a.o(i.TIM4_IRQHandler)
    i.TIM5_IRQHandler                        0x080016e8   Section        0  hcsr04.o(i.TIM5_IRQHandler)
    i.TIM_ARRPreloadConfig                   0x08001754   Section        0  stm32f10x_tim.o(i.TIM_ARRPreloadConfig)
    i.TIM_ClearFlag                          0x0800176c   Section        0  stm32f10x_tim.o(i.TIM_ClearFlag)
    i.TIM_ClearITPendingBit                  0x08001772   Section        0  stm32f10x_tim.o(i.TIM_ClearITPendingBit)
    i.TIM_Cmd                                0x08001778   Section        0  stm32f10x_tim.o(i.TIM_Cmd)
    i.TIM_GetCounter                         0x08001790   Section        0  stm32f10x_tim.o(i.TIM_GetCounter)
    i.TIM_GetITStatus                        0x08001796   Section        0  stm32f10x_tim.o(i.TIM_GetITStatus)
    i.TIM_ITConfig                           0x080017b8   Section        0  stm32f10x_tim.o(i.TIM_ITConfig)
    i.TIM_OC1Init                            0x080017cc   Section        0  stm32f10x_tim.o(i.TIM_OC1Init)
    i.TIM_OC1PreloadConfig                   0x08001864   Section        0  stm32f10x_tim.o(i.TIM_OC1PreloadConfig)
    i.TIM_SetCompare1                        0x08001876   Section        0  stm32f10x_tim.o(i.TIM_SetCompare1)
    i.TIM_SetCounter                         0x0800187a   Section        0  stm32f10x_tim.o(i.TIM_SetCounter)
    i.TIM_TimeBaseInit                       0x08001880   Section        0  stm32f10x_tim.o(i.TIM_TimeBaseInit)
    i.USART1_IRQHandler                      0x08001924   Section        0  uart.o(i.USART1_IRQHandler)
    i.USART2_IRQHandler                      0x08001958   Section        0  uart.o(i.USART2_IRQHandler)
    i.USART3_IRQHandler                      0x0800198c   Section        0  atgm336h.o(i.USART3_IRQHandler)
    i.USART_ClearFlag                        0x08001a2c   Section        0  stm32f10x_usart.o(i.USART_ClearFlag)
    i.USART_ClearITPendingBit                0x08001a3e   Section        0  stm32f10x_usart.o(i.USART_ClearITPendingBit)
    i.USART_Cmd                              0x08001a5c   Section        0  stm32f10x_usart.o(i.USART_Cmd)
    i.USART_GetFlagStatus                    0x08001a74   Section        0  stm32f10x_usart.o(i.USART_GetFlagStatus)
    i.USART_GetITStatus                      0x08001a8e   Section        0  stm32f10x_usart.o(i.USART_GetITStatus)
    i.USART_ITConfig                         0x08001ae2   Section        0  stm32f10x_usart.o(i.USART_ITConfig)
    i.USART_Init                             0x08001b2c   Section        0  stm32f10x_usart.o(i.USART_Init)
    i.USART_ReceiveData                      0x08001c04   Section        0  stm32f10x_usart.o(i.USART_ReceiveData)
    i.USART_SendData                         0x08001c0e   Section        0  stm32f10x_usart.o(i.USART_SendData)
    i.UsageFault_Handler                     0x08001c16   Section        0  stm32f10x_it.o(i.UsageFault_Handler)
    i.__0printf                              0x08001c1c   Section        0  printfa.o(i.__0printf)
    i.__0sprintf                             0x08001c3c   Section        0  printfa.o(i.__0sprintf)
    i.__read_errno                           0x08001c64   Section        0  errno.o(i.__read_errno)
    i.__scatterload_copy                     0x08001c70   Section       14  handlers.o(i.__scatterload_copy)
    i.__scatterload_null                     0x08001c7e   Section        2  handlers.o(i.__scatterload_null)
    i.__scatterload_zeroinit                 0x08001c80   Section       14  handlers.o(i.__scatterload_zeroinit)
    i.__set_errno                            0x08001c90   Section        0  errno.o(i.__set_errno)
    i._fp_digits                             0x08001c9c   Section        0  printfa.o(i._fp_digits)
    _fp_digits                               0x08001c9d   Thumb Code   334  printfa.o(i._fp_digits)
    i._is_digit                              0x08001e00   Section        0  scanf_fp.o(i._is_digit)
    i._printf_core                           0x08001e10   Section        0  printfa.o(i._printf_core)
    _printf_core                             0x08001e11   Thumb Code  1744  printfa.o(i._printf_core)
    i._printf_post_padding                   0x080024ec   Section        0  printfa.o(i._printf_post_padding)
    _printf_post_padding                     0x080024ed   Thumb Code    36  printfa.o(i._printf_post_padding)
    i._printf_pre_padding                    0x08002510   Section        0  printfa.o(i._printf_pre_padding)
    _printf_pre_padding                      0x08002511   Thumb Code    46  printfa.o(i._printf_pre_padding)
    i._sputc                                 0x0800253e   Section        0  printfa.o(i._sputc)
    _sputc                                   0x0800253f   Thumb Code    10  printfa.o(i._sputc)
    i.atgm336h_init                          0x08002548   Section        0  atgm336h.o(i.atgm336h_init)
    i.atof                                   0x08002550   Section        0  atof.o(i.atof)
    i.es08ma_close                           0x0800257c   Section        0  es08ma.o(i.es08ma_close)
    i.es08ma_gpio_init                       0x08002594   Section        0  gpio.o(i.es08ma_gpio_init)
    i.es08ma_init                            0x080025c4   Section        0  es08ma.o(i.es08ma_init)
    i.es08ma_open                            0x080025d8   Section        0  es08ma.o(i.es08ma_open)
    i.es08ma_open_5s                         0x080025f0   Section        0  es08ma.o(i.es08ma_open_5s)
    i.exti0_nvic_init                        0x08002618   Section        0  nvic.o(i.exti0_nvic_init)
    i.exti7and9_nvic_init                    0x0800263a   Section        0  nvic.o(i.exti7and9_nvic_init)
    i.fputc                                  0x0800265c   Section        0  uart.o(i.fputc)
    i.hcsr04_1_exti_init                     0x08002680   Section        0  exti.o(i.hcsr04_1_exti_init)
    i.hcsr04_1_gpio_init                     0x080026a8   Section        0  gpio.o(i.hcsr04_1_gpio_init)
    i.hcsr04_1_init                          0x080026e8   Section        0  hcsr04.o(i.hcsr04_1_init)
    i.hcsr04_2_exti_init                     0x08002710   Section        0  exti.o(i.hcsr04_2_exti_init)
    i.hcsr04_2_gpio_init                     0x0800273c   Section        0  gpio.o(i.hcsr04_2_gpio_init)
    i.hcsr04_2_init                          0x08002780   Section        0  hcsr04.o(i.hcsr04_2_init)
    i.k1_Init                                0x08002790   Section        0  k1.o(i.k1_Init)
    i.k1_exti_init                           0x080027a0   Section        0  exti.o(i.k1_exti_init)
    i.k1_gpio_init                           0x080027c8   Section        0  gpio.o(i.k1_gpio_init)
    i.latitude_str2unicode                   0x080027e4   Section        0  sim900a.o(i.latitude_str2unicode)
    i.led_gpio_init                          0x08002880   Section        0  gpio.o(i.led_gpio_init)
    i.led_init                               0x080028a4   Section        0  led.o(i.led_init)
    i.led_off                                0x080028bc   Section        0  led.o(i.led_off)
    i.led_on                                 0x080028d0   Section        0  led.o(i.led_on)
    i.longtitude_str2unicode                 0x080028e4   Section        0  sim900a.o(i.longtitude_str2unicode)
    i.main                                   0x08002978   Section        0  main.o(i.main)
    i.parsegpsbuffer                         0x08002a88   Section        0  atgm336h.o(i.parsegpsbuffer)
    i.rcc_init                               0x08002b78   Section        0  rcc.o(i.rcc_init)
    i.sim900a_init                           0x08002b94   Section        0  sim900a.o(i.sim900a_init)
    i.sim900a_send_location_mes              0x08002b9c   Section        0  sim900a.o(i.sim900a_send_location_mes)
    i.sim_send_message                       0x08002cb4   Section        0  sim900a.o(i.sim_send_message)
    sim_send_message                         0x08002cb5   Thumb Code    16  sim900a.o(i.sim_send_message)
    i.str_2_unicode                          0x08002cc8   Section        0  sim900a.o(i.str_2_unicode)
    str_2_unicode                            0x08002cc9   Thumb Code   148  sim900a.o(i.str_2_unicode)
    i.timer1_init                            0x08002d60   Section        0  timer.o(i.timer1_init)
    i.timer3_init                            0x08002d90   Section        0  timer.o(i.timer3_init)
    i.timer3_nvic_init                       0x08002e04   Section        0  nvic.o(i.timer3_nvic_init)
    i.timer5_init                            0x08002e38   Section        0  timer.o(i.timer5_init)
    i.timer5_nvic_init                       0x08002e70   Section        0  nvic.o(i.timer5_nvic_init)
    i.timer7_init                            0x08002e90   Section        0  timer.o(i.timer7_init)
    i.usart1_gpio_init                       0x08002ec0   Section        0  gpio.o(i.usart1_gpio_init)
    i.usart1_init                            0x08002ef8   Section        0  uart.o(i.usart1_init)
    i.usart1_nvic_init                       0x08002f4c   Section        0  nvic.o(i.usart1_nvic_init)
    i.usart2_gpio_init                       0x08002f6c   Section        0  gpio.o(i.usart2_gpio_init)
    i.usart2_init                            0x08002fa4   Section        0  uart.o(i.usart2_init)
    i.usart2_nvic_init                       0x08002ff8   Section        0  nvic.o(i.usart2_nvic_init)
    i.usart2_print                           0x08003018   Section        0  uart.o(i.usart2_print)
    i.usart3_init                            0x08003054   Section        0  uart.o(i.usart3_init)
    .constdata                               0x08003108   Section       64  ctype_c.o(.constdata)
    .conststring                             0x08003148   Section       69  sim900a.o(.conststring)
    .data                                    0x20000000   Section        1  main.o(.data)
    .data                                    0x20000001   Section       20  stm32f10x_rcc.o(.data)
    APBAHBPrescTable                         0x20000001   Data          16  stm32f10x_rcc.o(.data)
    ADCPrescTable                            0x20000011   Data           4  stm32f10x_rcc.o(.data)
    .data                                    0x20000016   Section        2  es08ma.o(.data)
    .data                                    0x20000018   Section        2  k1.o(.data)
    cval                                     0x20000018   Data           2  k1.o(.data)
    .data                                    0x2000001c   Section       12  hcsr04.o(.data)
    tim5_handler_t                           0x20000026   Data           2  hcsr04.o(.data)
    .data                                    0x20000028   Section        4  systick.o(.data)
    fs_us                                    0x20000028   Data           1  systick.o(.data)
    fs_ms                                    0x2000002a   Data           2  systick.o(.data)
    .data                                    0x2000002c   Section        8  sim900a.o(.data)
    t3ct                                     0x20000033   Data           1  sim900a.o(.data)
    .data                                    0x20000034   Section        1  atgm336h.o(.data)
    point                                    0x20000034   Data           1  atgm336h.o(.data)
    .data                                    0x20000038   Section        4  stdout.o(.data)
    .data                                    0x2000003c   Section        4  errno.o(.data)
    _errno                                   0x2000003c   Data           4  errno.o(.data)
    .bss                                     0x20000040   Section      100  sim900a.o(.bss)
    .bss                                     0x200000a4   Section      341  atgm336h.o(.bss)
    STACK                                    0x20000200   Section     1024  startup_stm32f10x_hd.o(STACK)

    Global Symbols

    Symbol Name                              Value     Ov Type        Size  Object(Section)

    BuildAttributes$$THM_ISAv4$P$D$K$B$S$PE$A:L22UL41UL21$X:L11$S22US41US21$IEEE1$IW$USESV6$~STKCKD$USESV7$~SHL$OTIME$ROPI$IEEEJ$EBA8$MICROLIB$REQ8$PRES8$EABIv2 0x00000000   Number         0  anon$$obj.o ABSOLUTE
    __ARM_use_no_argv                        0x00000000   Number         0  main.o ABSOLUTE
    _printf_a                                0x00000000   Number         0  stubs.o ABSOLUTE
    _printf_c                                0x00000000   Number         0  stubs.o ABSOLUTE
    _printf_charcount                        0x00000000   Number         0  stubs.o ABSOLUTE
    _printf_d                                0x00000000   Number         0  stubs.o ABSOLUTE
    _printf_e                                0x00000000   Number         0  stubs.o ABSOLUTE
    _printf_f                                0x00000000   Number         0  stubs.o ABSOLUTE
    _printf_flags                            0x00000000   Number         0  stubs.o ABSOLUTE
    _printf_fp_dec                           0x00000000   Number         0  stubs.o ABSOLUTE
    _printf_fp_hex                           0x00000000   Number         0  stubs.o ABSOLUTE
    _printf_g                                0x00000000   Number         0  stubs.o ABSOLUTE
    _printf_i                                0x00000000   Number         0  stubs.o ABSOLUTE
    _printf_int_dec                          0x00000000   Number         0  stubs.o ABSOLUTE
    _printf_l                                0x00000000   Number         0  stubs.o ABSOLUTE
    _printf_lc                               0x00000000   Number         0  stubs.o ABSOLUTE
    _printf_ll                               0x00000000   Number         0  stubs.o ABSOLUTE
    _printf_lld                              0x00000000   Number         0  stubs.o ABSOLUTE
    _printf_lli                              0x00000000   Number         0  stubs.o ABSOLUTE
    _printf_llo                              0x00000000   Number         0  stubs.o ABSOLUTE
    _printf_llu                              0x00000000   Number         0  stubs.o ABSOLUTE
    _printf_llx                              0x00000000   Number         0  stubs.o ABSOLUTE
    _printf_longlong_dec                     0x00000000   Number         0  stubs.o ABSOLUTE
    _printf_longlong_hex                     0x00000000   Number         0  stubs.o ABSOLUTE
    _printf_longlong_oct                     0x00000000   Number         0  stubs.o ABSOLUTE
    _printf_ls                               0x00000000   Number         0  stubs.o ABSOLUTE
    _printf_mbtowc                           0x00000000   Number         0  stubs.o ABSOLUTE
    _printf_n                                0x00000000   Number         0  stubs.o ABSOLUTE
    _printf_o                                0x00000000   Number         0  stubs.o ABSOLUTE
    _printf_p                                0x00000000   Number         0  stubs.o ABSOLUTE
    _printf_percent                          0x00000000   Number         0  stubs.o ABSOLUTE
    _printf_pre_padding                      0x00000000   Number         0  stubs.o ABSOLUTE
    _printf_return_value                     0x00000000   Number         0  stubs.o ABSOLUTE
    _printf_s                                0x00000000   Number         0  stubs.o ABSOLUTE
    _printf_sizespec                         0x00000000   Number         0  stubs.o ABSOLUTE
    _printf_str                              0x00000000   Number         0  stubs.o ABSOLUTE
    _printf_truncate_signed                  0x00000000   Number         0  stubs.o ABSOLUTE
    _printf_truncate_unsigned                0x00000000   Number         0  stubs.o ABSOLUTE
    _printf_u                                0x00000000   Number         0  stubs.o ABSOLUTE
    _printf_wc                               0x00000000   Number         0  stubs.o ABSOLUTE
    _printf_wctomb                           0x00000000   Number         0  stubs.o ABSOLUTE
    _printf_widthprec                        0x00000000   Number         0  stubs.o ABSOLUTE
    _printf_x                                0x00000000   Number         0  stubs.o ABSOLUTE
    __cpp_initialize__aeabi_                  - Undefined Weak Reference
    __cxa_finalize                            - Undefined Weak Reference
    __decompress                              - Undefined Weak Reference
    _clock_init                               - Undefined Weak Reference
    _microlib_exit                            - Undefined Weak Reference
    __Vectors_Size                           0x00000130   Number         0  startup_stm32f10x_hd.o ABSOLUTE
    __Vectors                                0x08000000   Data           4  startup_stm32f10x_hd.o(RESET)
    __Vectors_End                            0x08000130   Data           0  startup_stm32f10x_hd.o(RESET)
    __main                                   0x08000131   Thumb Code     0  entry.o(.ARM.Collect$$$$00000000)
    _main_stk                                0x08000131   Thumb Code     0  entry2.o(.ARM.Collect$$$$00000001)
    _main_scatterload                        0x08000135   Thumb Code     0  entry5.o(.ARM.Collect$$$$00000004)
    __main_after_scatterload                 0x08000139   Thumb Code     0  entry5.o(.ARM.Collect$$$$00000004)
    _main_clock                              0x08000139   Thumb Code     0  entry7b.o(.ARM.Collect$$$$00000008)
    _main_cpp_init                           0x08000139   Thumb Code     0  entry8b.o(.ARM.Collect$$$$0000000A)
    _main_init                               0x08000139   Thumb Code     0  entry9a.o(.ARM.Collect$$$$0000000B)
    __rt_final_cpp                           0x08000141   Thumb Code     0  entry10a.o(.ARM.Collect$$$$0000000D)
    __rt_final_exit                          0x08000141   Thumb Code     0  entry11a.o(.ARM.Collect$$$$0000000F)
    Reset_Handler                            0x08000145   Thumb Code     8  startup_stm32f10x_hd.o(.text)
    ADC1_2_IRQHandler                        0x0800015f   Thumb Code     0  startup_stm32f10x_hd.o(.text)
    ADC3_IRQHandler                          0x0800015f   Thumb Code     0  startup_stm32f10x_hd.o(.text)
    CAN1_RX1_IRQHandler                      0x0800015f   Thumb Code     0  startup_stm32f10x_hd.o(.text)
    CAN1_SCE_IRQHandler                      0x0800015f   Thumb Code     0  startup_stm32f10x_hd.o(.text)
    DMA1_Channel1_IRQHandler                 0x0800015f   Thumb Code     0  startup_stm32f10x_hd.o(.text)
    DMA1_Channel2_IRQHandler                 0x0800015f   Thumb Code     0  startup_stm32f10x_hd.o(.text)
    DMA1_Channel3_IRQHandler                 0x0800015f   Thumb Code     0  startup_stm32f10x_hd.o(.text)
    DMA1_Channel4_IRQHandler                 0x0800015f   Thumb Code     0  startup_stm32f10x_hd.o(.text)
    DMA1_Channel5_IRQHandler                 0x0800015f   Thumb Code     0  startup_stm32f10x_hd.o(.text)
    DMA1_Channel6_IRQHandler                 0x0800015f   Thumb Code     0  startup_stm32f10x_hd.o(.text)
    DMA1_Channel7_IRQHandler                 0x0800015f   Thumb Code     0  startup_stm32f10x_hd.o(.text)
    DMA2_Channel1_IRQHandler                 0x0800015f   Thumb Code     0  startup_stm32f10x_hd.o(.text)
    DMA2_Channel2_IRQHandler                 0x0800015f   Thumb Code     0  startup_stm32f10x_hd.o(.text)
    DMA2_Channel3_IRQHandler                 0x0800015f   Thumb Code     0  startup_stm32f10x_hd.o(.text)
    DMA2_Channel4_5_IRQHandler               0x0800015f   Thumb Code     0  startup_stm32f10x_hd.o(.text)
    EXTI15_10_IRQHandler                     0x0800015f   Thumb Code     0  startup_stm32f10x_hd.o(.text)
    EXTI1_IRQHandler                         0x0800015f   Thumb Code     0  startup_stm32f10x_hd.o(.text)
    EXTI2_IRQHandler                         0x0800015f   Thumb Code     0  startup_stm32f10x_hd.o(.text)
    EXTI3_IRQHandler                         0x0800015f   Thumb Code     0  startup_stm32f10x_hd.o(.text)
    EXTI4_IRQHandler                         0x0800015f   Thumb Code     0  startup_stm32f10x_hd.o(.text)
    FLASH_IRQHandler                         0x0800015f   Thumb Code     0  startup_stm32f10x_hd.o(.text)
    FSMC_IRQHandler                          0x0800015f   Thumb Code     0  startup_stm32f10x_hd.o(.text)
    I2C1_ER_IRQHandler                       0x0800015f   Thumb Code     0  startup_stm32f10x_hd.o(.text)
    I2C1_EV_IRQHandler                       0x0800015f   Thumb Code     0  startup_stm32f10x_hd.o(.text)
    I2C2_ER_IRQHandler                       0x0800015f   Thumb Code     0  startup_stm32f10x_hd.o(.text)
    I2C2_EV_IRQHandler                       0x0800015f   Thumb Code     0  startup_stm32f10x_hd.o(.text)
    PVD_IRQHandler                           0x0800015f   Thumb Code     0  startup_stm32f10x_hd.o(.text)
    RCC_IRQHandler                           0x0800015f   Thumb Code     0  startup_stm32f10x_hd.o(.text)
    RTCAlarm_IRQHandler                      0x0800015f   Thumb Code     0  startup_stm32f10x_hd.o(.text)
    RTC_IRQHandler                           0x0800015f   Thumb Code     0  startup_stm32f10x_hd.o(.text)
    SDIO_IRQHandler                          0x0800015f   Thumb Code     0  startup_stm32f10x_hd.o(.text)
    SPI1_IRQHandler                          0x0800015f   Thumb Code     0  startup_stm32f10x_hd.o(.text)
    SPI2_IRQHandler                          0x0800015f   Thumb Code     0  startup_stm32f10x_hd.o(.text)
    SPI3_IRQHandler                          0x0800015f   Thumb Code     0  startup_stm32f10x_hd.o(.text)
    TAMPER_IRQHandler                        0x0800015f   Thumb Code     0  startup_stm32f10x_hd.o(.text)
    TIM1_BRK_IRQHandler                      0x0800015f   Thumb Code     0  startup_stm32f10x_hd.o(.text)
    TIM1_CC_IRQHandler                       0x0800015f   Thumb Code     0  startup_stm32f10x_hd.o(.text)
    TIM1_TRG_COM_IRQHandler                  0x0800015f   Thumb Code     0  startup_stm32f10x_hd.o(.text)
    TIM1_UP_IRQHandler                       0x0800015f   Thumb Code     0  startup_stm32f10x_hd.o(.text)
    TIM2_IRQHandler                          0x0800015f   Thumb Code     0  startup_stm32f10x_hd.o(.text)
    TIM6_IRQHandler                          0x0800015f   Thumb Code     0  startup_stm32f10x_hd.o(.text)
    TIM7_IRQHandler                          0x0800015f   Thumb Code     0  startup_stm32f10x_hd.o(.text)
    TIM8_BRK_IRQHandler                      0x0800015f   Thumb Code     0  startup_stm32f10x_hd.o(.text)
    TIM8_CC_IRQHandler                       0x0800015f   Thumb Code     0  startup_stm32f10x_hd.o(.text)
    TIM8_TRG_COM_IRQHandler                  0x0800015f   Thumb Code     0  startup_stm32f10x_hd.o(.text)
    TIM8_UP_IRQHandler                       0x0800015f   Thumb Code     0  startup_stm32f10x_hd.o(.text)
    UART4_IRQHandler                         0x0800015f   Thumb Code     0  startup_stm32f10x_hd.o(.text)
    UART5_IRQHandler                         0x0800015f   Thumb Code     0  startup_stm32f10x_hd.o(.text)
    USBWakeUp_IRQHandler                     0x0800015f   Thumb Code     0  startup_stm32f10x_hd.o(.text)
    USB_HP_CAN1_TX_IRQHandler                0x0800015f   Thumb Code     0  startup_stm32f10x_hd.o(.text)
    USB_LP_CAN1_RX0_IRQHandler               0x0800015f   Thumb Code     0  startup_stm32f10x_hd.o(.text)
    WWDG_IRQHandler                          0x0800015f   Thumb Code     0  startup_stm32f10x_hd.o(.text)
    __aeabi_memcpy                           0x08000169   Thumb Code    36  memcpya.o(.text)
    __aeabi_memcpy4                          0x08000169   Thumb Code     0  memcpya.o(.text)
    __aeabi_memcpy8                          0x08000169   Thumb Code     0  memcpya.o(.text)
    __aeabi_memset                           0x0800018d   Thumb Code    14  memseta.o(.text)
    __aeabi_memset4                          0x0800018d   Thumb Code     0  memseta.o(.text)
    __aeabi_memset8                          0x0800018d   Thumb Code     0  memseta.o(.text)
    __aeabi_memclr                           0x0800019b   Thumb Code     4  memseta.o(.text)
    __aeabi_memclr4                          0x0800019b   Thumb Code     0  memseta.o(.text)
    __aeabi_memclr8                          0x0800019b   Thumb Code     0  memseta.o(.text)
    _memset$wrapper                          0x0800019f   Thumb Code    18  memseta.o(.text)
    strcat                                   0x080001b1   Thumb Code    24  strcat.o(.text)
    strstr                                   0x080001c9   Thumb Code    36  strstr.o(.text)
    __aeabi_fadd                             0x080001ed   Thumb Code   164  fadd.o(.text)
    __aeabi_fsub                             0x08000291   Thumb Code     6  fadd.o(.text)
    __aeabi_frsub                            0x08000297   Thumb Code     6  fadd.o(.text)
    __aeabi_dadd                             0x0800029d   Thumb Code   322  dadd.o(.text)
    __aeabi_dsub                             0x080003df   Thumb Code     6  dadd.o(.text)
    __aeabi_drsub                            0x080003e5   Thumb Code     6  dadd.o(.text)
    __aeabi_dmul                             0x080003eb   Thumb Code   228  dmul.o(.text)
    __aeabi_ddiv                             0x080004cf   Thumb Code   222  ddiv.o(.text)
    __aeabi_i2f                              0x080005ad   Thumb Code    18  fflti.o(.text)
    __aeabi_d2iz                             0x080005bf   Thumb Code    62  dfixi.o(.text)
    __aeabi_f2d                              0x080005fd   Thumb Code    38  f2d.o(.text)
    __aeabi_cdcmpeq                          0x08000625   Thumb Code     0  cdcmple.o(.text)
    __aeabi_cdcmple                          0x08000625   Thumb Code    48  cdcmple.o(.text)
    __aeabi_d2f                              0x08000655   Thumb Code    56  d2f.o(.text)
    __aeabi_uidiv                            0x0800068d   Thumb Code     0  uidiv.o(.text)
    __aeabi_uidivmod                         0x0800068d   Thumb Code    44  uidiv.o(.text)
    __aeabi_uldivmod                         0x080006b9   Thumb Code    98  uldiv.o(.text)
    __aeabi_llsl                             0x0800071b   Thumb Code    30  llshl.o(.text)
    _ll_shift_l                              0x0800071b   Thumb Code     0  llshl.o(.text)
    __aeabi_llsr                             0x08000739   Thumb Code    32  llushr.o(.text)
    _ll_ushift_r                             0x08000739   Thumb Code     0  llushr.o(.text)
    __aeabi_lasr                             0x08000759   Thumb Code    36  llsshr.o(.text)
    _ll_sshift_r                             0x08000759   Thumb Code     0  llsshr.o(.text)
    __strtod_int                             0x080007b3   Thumb Code    88  strtod.o(.text)
    __I$use$fp                               0x08000819   Thumb Code     0  iusefp.o(.text)
    _float_round                             0x08000819   Thumb Code    18  fepilogue.o(.text)
    _float_epilogue                          0x0800082b   Thumb Code    92  fepilogue.o(.text)
    _double_round                            0x08000887   Thumb Code    30  depilogue.o(.text)
    _double_epilogue                         0x080008a5   Thumb Code   156  depilogue.o(.text)
    __aeabi_d2ulz                            0x08000941   Thumb Code    48  dfixul.o(.text)
    __aeabi_cdrcmple                         0x08000971   Thumb Code    48  cdrcmple.o(.text)
    __scatterload                            0x080009a1   Thumb Code    28  init.o(.text)
    __scatterload_rt2                        0x080009a1   Thumb Code     0  init.o(.text)
    isspace                                  0x080009c5   Thumb Code    10  isspace_c.o(.text)
    _scanf_real                              0x08000ad1   Thumb Code     0  scanf_fp.o(.text)
    _scanf_really_real                       0x08000ad1   Thumb Code   556  scanf_fp.o(.text)
    _sgetc                                   0x08000d09   Thumb Code    30  _sgetc.o(.text)
    _sbackspace                              0x08000d27   Thumb Code    34  _sgetc.o(.text)
    __ctype_lookup                           0x08000d49   Thumb Code    34  ctype_c.o(.text)
    __aeabi_ul2d                             0x08000d71   Thumb Code    24  dfltul.o(.text)
    BusFault_Handler                         0x08000d89   Thumb Code     4  stm32f10x_it.o(i.BusFault_Handler)
    DebugMon_Handler                         0x08000d8d   Thumb Code     2  stm32f10x_it.o(i.DebugMon_Handler)
    EXTI0_IRQHandler                         0x08000d91   Thumb Code    66  k1.o(i.EXTI0_IRQHandler)
    EXTI9_5_IRQHandler                       0x08000de1   Thumb Code   272  hcsr04.o(i.EXTI9_5_IRQHandler)
    EXTI_ClearITPendingBit                   0x08000f15   Thumb Code     6  stm32f10x_exti.o(i.EXTI_ClearITPendingBit)
    EXTI_GetITStatus                         0x08000f21   Thumb Code    34  stm32f10x_exti.o(i.EXTI_GetITStatus)
    EXTI_Init                                0x08000f49   Thumb Code   142  stm32f10x_exti.o(i.EXTI_Init)
    GPIO_EXTILineConfig                      0x08000fdd   Thumb Code    60  stm32f10x_gpio.o(i.GPIO_EXTILineConfig)
    GPIO_Init                                0x0800101d   Thumb Code   278  stm32f10x_gpio.o(i.GPIO_Init)
    GPIO_PinRemapConfig                      0x08001135   Thumb Code   138  stm32f10x_gpio.o(i.GPIO_PinRemapConfig)
    GPIO_ReadInputDataBit                    0x080011c5   Thumb Code    18  stm32f10x_gpio.o(i.GPIO_ReadInputDataBit)
    GPIO_ResetBits                           0x080011d7   Thumb Code     4  stm32f10x_gpio.o(i.GPIO_ResetBits)
    GPIO_SetBits                             0x080011db   Thumb Code     4  stm32f10x_gpio.o(i.GPIO_SetBits)
    HardFault_Handler                        0x080011df   Thumb Code     4  stm32f10x_it.o(i.HardFault_Handler)
    MemManage_Handler                        0x080011e3   Thumb Code     4  stm32f10x_it.o(i.MemManage_Handler)
    NMI_Handler                              0x080011e7   Thumb Code     2  stm32f10x_it.o(i.NMI_Handler)
    NVIC_Init                                0x080011e9   Thumb Code   100  misc.o(i.NVIC_Init)
    NVIC_PriorityGroupConfig                 0x08001259   Thumb Code    10  misc.o(i.NVIC_PriorityGroupConfig)
    PendSV_Handler                           0x0800126d   Thumb Code     2  stm32f10x_it.o(i.PendSV_Handler)
    RCC_APB1PeriphClockCmd                   0x08001271   Thumb Code    26  stm32f10x_rcc.o(i.RCC_APB1PeriphClockCmd)
    RCC_APB2PeriphClockCmd                   0x08001291   Thumb Code    26  stm32f10x_rcc.o(i.RCC_APB2PeriphClockCmd)
    RCC_GetClocksFreq                        0x080012b1   Thumb Code   192  stm32f10x_rcc.o(i.RCC_GetClocksFreq)
    SVC_Handler                              0x08001385   Thumb Code     2  stm32f10x_it.o(i.SVC_Handler)
    SYSTICK_Config                           0x08001389   Thumb Code    56  systick.o(i.SYSTICK_Config)
    SYSTICK_DelayMs                          0x080013c9   Thumb Code   134  systick.o(i.SYSTICK_DelayMs)
    SysTick_Handler                          0x0800153d   Thumb Code     2  stm32f10x_it.o(i.SysTick_Handler)
    SystemInit                               0x08001541   Thumb Code    78  system_stm32f10x.o(i.SystemInit)
    TIM3_IRQHandler                          0x080015a1   Thumb Code    68  es08ma.o(i.TIM3_IRQHandler)
    TIM4_IRQHandler                          0x080015f1   Thumb Code   148  sim900a.o(i.TIM4_IRQHandler)
    TIM5_IRQHandler                          0x080016e9   Thumb Code    96  hcsr04.o(i.TIM5_IRQHandler)
    TIM_ARRPreloadConfig                     0x08001755   Thumb Code    24  stm32f10x_tim.o(i.TIM_ARRPreloadConfig)
    TIM_ClearFlag                            0x0800176d   Thumb Code     6  stm32f10x_tim.o(i.TIM_ClearFlag)
    TIM_ClearITPendingBit                    0x08001773   Thumb Code     6  stm32f10x_tim.o(i.TIM_ClearITPendingBit)
    TIM_Cmd                                  0x08001779   Thumb Code    24  stm32f10x_tim.o(i.TIM_Cmd)
    TIM_GetCounter                           0x08001791   Thumb Code     6  stm32f10x_tim.o(i.TIM_GetCounter)
    TIM_GetITStatus                          0x08001797   Thumb Code    34  stm32f10x_tim.o(i.TIM_GetITStatus)
    TIM_ITConfig                             0x080017b9   Thumb Code    18  stm32f10x_tim.o(i.TIM_ITConfig)
    TIM_OC1Init                              0x080017cd   Thumb Code   132  stm32f10x_tim.o(i.TIM_OC1Init)
    TIM_OC1PreloadConfig                     0x08001865   Thumb Code    18  stm32f10x_tim.o(i.TIM_OC1PreloadConfig)
    TIM_SetCompare1                          0x08001877   Thumb Code     4  stm32f10x_tim.o(i.TIM_SetCompare1)
    TIM_SetCounter                           0x0800187b   Thumb Code     4  stm32f10x_tim.o(i.TIM_SetCounter)
    TIM_TimeBaseInit                         0x08001881   Thumb Code   122  stm32f10x_tim.o(i.TIM_TimeBaseInit)
    USART1_IRQHandler                        0x08001925   Thumb Code    42  uart.o(i.USART1_IRQHandler)
    USART2_IRQHandler                        0x08001959   Thumb Code    42  uart.o(i.USART2_IRQHandler)
    USART3_IRQHandler                        0x0800198d   Thumb Code   144  atgm336h.o(i.USART3_IRQHandler)
    USART_ClearFlag                          0x08001a2d   Thumb Code    18  stm32f10x_usart.o(i.USART_ClearFlag)
    USART_ClearITPendingBit                  0x08001a3f   Thumb Code    30  stm32f10x_usart.o(i.USART_ClearITPendingBit)
    USART_Cmd                                0x08001a5d   Thumb Code    24  stm32f10x_usart.o(i.USART_Cmd)
    USART_GetFlagStatus                      0x08001a75   Thumb Code    26  stm32f10x_usart.o(i.USART_GetFlagStatus)
    USART_GetITStatus                        0x08001a8f   Thumb Code    84  stm32f10x_usart.o(i.USART_GetITStatus)
    USART_ITConfig                           0x08001ae3   Thumb Code    74  stm32f10x_usart.o(i.USART_ITConfig)
    USART_Init                               0x08001b2d   Thumb Code   210  stm32f10x_usart.o(i.USART_Init)
    USART_ReceiveData                        0x08001c05   Thumb Code    10  stm32f10x_usart.o(i.USART_ReceiveData)
    USART_SendData                           0x08001c0f   Thumb Code     8  stm32f10x_usart.o(i.USART_SendData)
    UsageFault_Handler                       0x08001c17   Thumb Code     4  stm32f10x_it.o(i.UsageFault_Handler)
    __0printf                                0x08001c1d   Thumb Code    22  printfa.o(i.__0printf)
    __1printf                                0x08001c1d   Thumb Code     0  printfa.o(i.__0printf)
    __2printf                                0x08001c1d   Thumb Code     0  printfa.o(i.__0printf)
    __c89printf                              0x08001c1d   Thumb Code     0  printfa.o(i.__0printf)
    printf                                   0x08001c1d   Thumb Code     0  printfa.o(i.__0printf)
    __0sprintf                               0x08001c3d   Thumb Code    34  printfa.o(i.__0sprintf)
    __1sprintf                               0x08001c3d   Thumb Code     0  printfa.o(i.__0sprintf)
    __2sprintf                               0x08001c3d   Thumb Code     0  printfa.o(i.__0sprintf)
    __c89sprintf                             0x08001c3d   Thumb Code     0  printfa.o(i.__0sprintf)
    sprintf                                  0x08001c3d   Thumb Code     0  printfa.o(i.__0sprintf)
    __read_errno                             0x08001c65   Thumb Code     6  errno.o(i.__read_errno)
    __scatterload_copy                       0x08001c71   Thumb Code    14  handlers.o(i.__scatterload_copy)
    __scatterload_null                       0x08001c7f   Thumb Code     2  handlers.o(i.__scatterload_null)
    __scatterload_zeroinit                   0x08001c81   Thumb Code    14  handlers.o(i.__scatterload_zeroinit)
    __set_errno                              0x08001c91   Thumb Code     6  errno.o(i.__set_errno)
    _is_digit                                0x08001e01   Thumb Code    14  scanf_fp.o(i._is_digit)
    atgm336h_init                            0x08002549   Thumb Code     8  atgm336h.o(i.atgm336h_init)
    atof                                     0x08002551   Thumb Code    42  atof.o(i.atof)
    es08ma_close                             0x0800257d   Thumb Code    18  es08ma.o(i.es08ma_close)
    es08ma_gpio_init                         0x08002595   Thumb Code    38  gpio.o(i.es08ma_gpio_init)
    es08ma_init                              0x080025c5   Thumb Code    20  es08ma.o(i.es08ma_init)
    es08ma_open                              0x080025d9   Thumb Code    18  es08ma.o(i.es08ma_open)
    es08ma_open_5s                           0x080025f1   Thumb Code    34  es08ma.o(i.es08ma_open_5s)
    exti0_nvic_init                          0x08002619   Thumb Code    34  nvic.o(i.exti0_nvic_init)
    exti7and9_nvic_init                      0x0800263b   Thumb Code    34  nvic.o(i.exti7and9_nvic_init)
    fputc                                    0x0800265d   Thumb Code    32  uart.o(i.fputc)
    hcsr04_1_exti_init                       0x08002681   Thumb Code    40  exti.o(i.hcsr04_1_exti_init)
    hcsr04_1_gpio_init                       0x080026a9   Thumb Code    58  gpio.o(i.hcsr04_1_gpio_init)
    hcsr04_1_init                            0x080026e9   Thumb Code    36  hcsr04.o(i.hcsr04_1_init)
    hcsr04_2_exti_init                       0x08002711   Thumb Code    42  exti.o(i.hcsr04_2_exti_init)
    hcsr04_2_gpio_init                       0x0800273d   Thumb Code    64  gpio.o(i.hcsr04_2_gpio_init)
    hcsr04_2_init                            0x08002781   Thumb Code    16  hcsr04.o(i.hcsr04_2_init)
    k1_Init                                  0x08002791   Thumb Code    16  k1.o(i.k1_Init)
    k1_exti_init                             0x080027a1   Thumb Code    40  exti.o(i.k1_exti_init)
    k1_gpio_init                             0x080027c9   Thumb Code    24  gpio.o(i.k1_gpio_init)
    latitude_str2unicode                     0x080027e5   Thumb Code   136  sim900a.o(i.latitude_str2unicode)
    led_gpio_init                            0x08002881   Thumb Code    32  gpio.o(i.led_gpio_init)
    led_init                                 0x080028a5   Thumb Code    18  led.o(i.led_init)
    led_off                                  0x080028bd   Thumb Code    14  led.o(i.led_off)
    led_on                                   0x080028d1   Thumb Code    14  led.o(i.led_on)
    longtitude_str2unicode                   0x080028e5   Thumb Code   128  sim900a.o(i.longtitude_str2unicode)
    main                                     0x08002979   Thumb Code   164  main.o(i.main)
    parsegpsbuffer                           0x08002a89   Thumb Code   230  atgm336h.o(i.parsegpsbuffer)
    rcc_init                                 0x08002b79   Thumb Code    22  rcc.o(i.rcc_init)
    sim900a_init                             0x08002b95   Thumb Code     8  sim900a.o(i.sim900a_init)
    sim900a_send_location_mes                0x08002b9d   Thumb Code   152  sim900a.o(i.sim900a_send_location_mes)
    timer1_init                              0x08002d61   Thumb Code    44  timer.o(i.timer1_init)
    timer3_init                              0x08002d91   Thumb Code   112  timer.o(i.timer3_init)
    timer3_nvic_init                         0x08002e05   Thumb Code    48  nvic.o(i.timer3_nvic_init)
    timer5_init                              0x08002e39   Thumb Code    52  timer.o(i.timer5_init)
    timer5_nvic_init                         0x08002e71   Thumb Code    32  nvic.o(i.timer5_nvic_init)
    timer7_init                              0x08002e91   Thumb Code    44  timer.o(i.timer7_init)
    usart1_gpio_init                         0x08002ec1   Thumb Code    52  gpio.o(i.usart1_gpio_init)
    usart1_init                              0x08002ef9   Thumb Code    80  uart.o(i.usart1_init)
    usart1_nvic_init                         0x08002f4d   Thumb Code    30  nvic.o(i.usart1_nvic_init)
    usart2_gpio_init                         0x08002f6d   Thumb Code    50  gpio.o(i.usart2_gpio_init)
    usart2_init                              0x08002fa5   Thumb Code    80  uart.o(i.usart2_init)
    usart2_nvic_init                         0x08002ff9   Thumb Code    32  nvic.o(i.usart2_nvic_init)
    usart2_print                             0x08003019   Thumb Code    56  uart.o(i.usart2_print)
    usart3_init                              0x08003055   Thumb Code   170  uart.o(i.usart3_init)
    __ctype_categories                       0x08003108   Data          64  ctype_c.o(.constdata)
    Region$$Table$$Base                      0x08003190   Number         0  anon$$obj.o(Region$$Table)
    Region$$Table$$Limit                     0x080031b0   Number         0  anon$$obj.o(Region$$Table)
    issended                                 0x20000000   Data           1  main.o(.data)
    es08ma_flag                              0x20000016   Data           2  es08ma.o(.data)
    distance1_value                          0x2000001c   Data           4  hcsr04.o(.data)
    distance2_value                          0x20000020   Data           4  hcsr04.o(.data)
    isfulled                                 0x20000024   Data           1  hcsr04.o(.data)
    sim900a_flag                             0x2000002c   Data           1  sim900a.o(.data)
    t4_t                                     0x2000002d   Data           1  sim900a.o(.data)
    unicode_unit                             0x2000002e   Data           5  sim900a.o(.data)
    __stdout                                 0x20000038   Data           4  stdout.o(.data)
    latitude_unicode                         0x20000040   Data          50  sim900a.o(.bss)
    longtitude_unicode                       0x20000072   Data          50  sim900a.o(.bss)
    Save_Data                                0x200000a4   Data         141  atgm336h.o(.bss)
    usart3_rx_buf                            0x20000131   Data         200  atgm336h.o(.bss)
    __initial_sp                             0x20000600   Data           0  startup_stm32f10x_hd.o(STACK)



==============================================================================

Memory Map of the image

  Image Entry point : 0x08000131

  Load Region LR_IROM1 (Base: 0x08000000, Size: 0x000031f0, Max: 0x00040000, ABSOLUTE)

    Execution Region ER_IROM1 (Base: 0x08000000, Size: 0x000031b0, Max: 0x00040000, ABSOLUTE)

    Base Addr    Size         Type   Attr      Idx    E Section Name        Object

    0x08000000   0x00000130   Data   RO         3202    RESET               startup_stm32f10x_hd.o
    0x08000130   0x00000000   Code   RO         3703  * .ARM.Collect$$$$00000000  mc_w.l(entry.o)
    0x08000130   0x00000004   Code   RO         3997    .ARM.Collect$$$$00000001  mc_w.l(entry2.o)
    0x08000134   0x00000004   Code   RO         4000    .ARM.Collect$$$$00000004  mc_w.l(entry5.o)
    0x08000138   0x00000000   Code   RO         4002    .ARM.Collect$$$$00000008  mc_w.l(entry7b.o)
    0x08000138   0x00000000   Code   RO         4004    .ARM.Collect$$$$0000000A  mc_w.l(entry8b.o)
    0x08000138   0x00000008   Code   RO         4005    .ARM.Collect$$$$0000000B  mc_w.l(entry9a.o)
    0x08000140   0x00000000   Code   RO         4007    .ARM.Collect$$$$0000000D  mc_w.l(entry10a.o)
    0x08000140   0x00000000   Code   RO         4009    .ARM.Collect$$$$0000000F  mc_w.l(entry11a.o)
    0x08000140   0x00000004   Code   RO         3998    .ARM.Collect$$$$00002712  mc_w.l(entry2.o)
    0x08000144   0x00000024   Code   RO         3203    .text               startup_stm32f10x_hd.o
    0x08000168   0x00000024   Code   RO         3706    .text               mc_w.l(memcpya.o)
    0x0800018c   0x00000024   Code   RO         3708    .text               mc_w.l(memseta.o)
    0x080001b0   0x00000018   Code   RO         3710    .text               mc_w.l(strcat.o)
    0x080001c8   0x00000024   Code   RO         3712    .text               mc_w.l(strstr.o)
    0x080001ec   0x000000b0   Code   RO         3977    .text               mf_w.l(fadd.o)
    0x0800029c   0x0000014e   Code   RO         3979    .text               mf_w.l(dadd.o)
    0x080003ea   0x000000e4   Code   RO         3981    .text               mf_w.l(dmul.o)
    0x080004ce   0x000000de   Code   RO         3983    .text               mf_w.l(ddiv.o)
    0x080005ac   0x00000012   Code   RO         3985    .text               mf_w.l(fflti.o)
    0x080005be   0x0000003e   Code   RO         3989    .text               mf_w.l(dfixi.o)
    0x080005fc   0x00000026   Code   RO         3991    .text               mf_w.l(f2d.o)
    0x08000622   0x00000002   PAD
    0x08000624   0x00000030   Code   RO         3993    .text               mf_w.l(cdcmple.o)
    0x08000654   0x00000038   Code   RO         3995    .text               mf_w.l(d2f.o)
    0x0800068c   0x0000002c   Code   RO         4012    .text               mc_w.l(uidiv.o)
    0x080006b8   0x00000062   Code   RO         4014    .text               mc_w.l(uldiv.o)
    0x0800071a   0x0000001e   Code   RO         4016    .text               mc_w.l(llshl.o)
    0x08000738   0x00000020   Code   RO         4018    .text               mc_w.l(llushr.o)
    0x08000758   0x00000024   Code   RO         4020    .text               mc_w.l(llsshr.o)
    0x0800077c   0x0000009c   Code   RO         4029    .text               mc_w.l(strtod.o)
    0x08000818   0x00000000   Code   RO         4031    .text               mc_w.l(iusefp.o)
    0x08000818   0x0000006e   Code   RO         4032    .text               mf_w.l(fepilogue.o)
    0x08000886   0x000000ba   Code   RO         4034    .text               mf_w.l(depilogue.o)
    0x08000940   0x00000030   Code   RO         4036    .text               mf_w.l(dfixul.o)
    0x08000970   0x00000030   Code   RO         4038    .text               mf_w.l(cdrcmple.o)
    0x080009a0   0x00000024   Code   RO         4040    .text               mc_w.l(init.o)
    0x080009c4   0x0000000a   Code   RO         4042    .text               mc_w.l(isspace_c.o)
    0x080009ce   0x00000002   PAD
    0x080009d0   0x00000338   Code   RO         4044    .text               mc_w.l(scanf_fp.o)
    0x08000d08   0x00000040   Code   RO         4048    .text               mc_w.l(_sgetc.o)
    0x08000d48   0x00000028   Code   RO         4050    .text               mc_w.l(ctype_c.o)
    0x08000d70   0x00000018   Code   RO         4053    .text               mf_w.l(dfltul.o)
    0x08000d88   0x00000004   Code   RO          136    i.BusFault_Handler  stm32f10x_it.o
    0x08000d8c   0x00000002   Code   RO          137    i.DebugMon_Handler  stm32f10x_it.o
    0x08000d8e   0x00000002   PAD
    0x08000d90   0x00000050   Code   RO         3284    i.EXTI0_IRQHandler  k1.o
    0x08000de0   0x00000134   Code   RO         3307    i.EXTI9_5_IRQHandler  hcsr04.o
    0x08000f14   0x0000000c   Code   RO         1031    i.EXTI_ClearITPendingBit  stm32f10x_exti.o
    0x08000f20   0x00000028   Code   RO         1035    i.EXTI_GetITStatus  stm32f10x_exti.o
    0x08000f48   0x00000094   Code   RO         1036    i.EXTI_Init         stm32f10x_exti.o
    0x08000fdc   0x00000040   Code   RO         1381    i.GPIO_EXTILineConfig  stm32f10x_gpio.o
    0x0800101c   0x00000116   Code   RO         1384    i.GPIO_Init         stm32f10x_gpio.o
    0x08001132   0x00000002   PAD
    0x08001134   0x00000090   Code   RO         1386    i.GPIO_PinRemapConfig  stm32f10x_gpio.o
    0x080011c4   0x00000012   Code   RO         1388    i.GPIO_ReadInputDataBit  stm32f10x_gpio.o
    0x080011d6   0x00000004   Code   RO         1391    i.GPIO_ResetBits    stm32f10x_gpio.o
    0x080011da   0x00000004   Code   RO         1392    i.GPIO_SetBits      stm32f10x_gpio.o
    0x080011de   0x00000004   Code   RO          138    i.HardFault_Handler  stm32f10x_it.o
    0x080011e2   0x00000004   Code   RO          139    i.MemManage_Handler  stm32f10x_it.o
    0x080011e6   0x00000002   Code   RO          140    i.NMI_Handler       stm32f10x_it.o
    0x080011e8   0x00000070   Code   RO          233    i.NVIC_Init         misc.o
    0x08001258   0x00000014   Code   RO          234    i.NVIC_PriorityGroupConfig  misc.o
    0x0800126c   0x00000002   Code   RO          141    i.PendSV_Handler    stm32f10x_it.o
    0x0800126e   0x00000002   PAD
    0x08001270   0x00000020   Code   RO         1800    i.RCC_APB1PeriphClockCmd  stm32f10x_rcc.o
    0x08001290   0x00000020   Code   RO         1802    i.RCC_APB2PeriphClockCmd  stm32f10x_rcc.o
    0x080012b0   0x000000d4   Code   RO         1810    i.RCC_GetClocksFreq  stm32f10x_rcc.o
    0x08001384   0x00000002   Code   RO          142    i.SVC_Handler       stm32f10x_it.o
    0x08001386   0x00000002   PAD
    0x08001388   0x00000040   Code   RO         3340    i.SYSTICK_Config    systick.o
    0x080013c8   0x0000008c   Code   RO         3341    i.SYSTICK_DelayMs   systick.o
    0x08001454   0x00000008   Code   RO          199    i.SetSysClock       system_stm32f10x.o
    0x0800145c   0x000000e0   Code   RO          200    i.SetSysClockTo72   system_stm32f10x.o
    0x0800153c   0x00000002   Code   RO          143    i.SysTick_Handler   stm32f10x_it.o
    0x0800153e   0x00000002   PAD
    0x08001540   0x00000060   Code   RO          202    i.SystemInit        system_stm32f10x.o
    0x080015a0   0x00000050   Code   RO         3208    i.TIM3_IRQHandler   es08ma.o
    0x080015f0   0x000000f8   Code   RO         3414    i.TIM4_IRQHandler   sim900a.o
    0x080016e8   0x0000006c   Code   RO         3308    i.TIM5_IRQHandler   hcsr04.o
    0x08001754   0x00000018   Code   RO         2422    i.TIM_ARRPreloadConfig  stm32f10x_tim.o
    0x0800176c   0x00000006   Code   RO         2428    i.TIM_ClearFlag     stm32f10x_tim.o
    0x08001772   0x00000006   Code   RO         2429    i.TIM_ClearITPendingBit  stm32f10x_tim.o
    0x08001778   0x00000018   Code   RO         2434    i.TIM_Cmd           stm32f10x_tim.o
    0x08001790   0x00000006   Code   RO         2453    i.TIM_GetCounter    stm32f10x_tim.o
    0x08001796   0x00000022   Code   RO         2455    i.TIM_GetITStatus   stm32f10x_tim.o
    0x080017b8   0x00000012   Code   RO         2459    i.TIM_ITConfig      stm32f10x_tim.o
    0x080017ca   0x00000002   PAD
    0x080017cc   0x00000098   Code   RO         2463    i.TIM_OC1Init       stm32f10x_tim.o
    0x08001864   0x00000012   Code   RO         2466    i.TIM_OC1PreloadConfig  stm32f10x_tim.o
    0x08001876   0x00000004   Code   RO         2495    i.TIM_SetCompare1   stm32f10x_tim.o
    0x0800187a   0x00000004   Code   RO         2499    i.TIM_SetCounter    stm32f10x_tim.o
    0x0800187e   0x00000002   PAD
    0x08001880   0x000000a4   Code   RO         2505    i.TIM_TimeBaseInit  stm32f10x_tim.o
    0x08001924   0x00000034   Code   RO         3366    i.USART1_IRQHandler  uart.o
    0x08001958   0x00000034   Code   RO         3367    i.USART2_IRQHandler  uart.o
    0x0800198c   0x000000a0   Code   RO         3659    i.USART3_IRQHandler  atgm336h.o
    0x08001a2c   0x00000012   Code   RO         2966    i.USART_ClearFlag   stm32f10x_usart.o
    0x08001a3e   0x0000001e   Code   RO         2967    i.USART_ClearITPendingBit  stm32f10x_usart.o
    0x08001a5c   0x00000018   Code   RO         2970    i.USART_Cmd         stm32f10x_usart.o
    0x08001a74   0x0000001a   Code   RO         2973    i.USART_GetFlagStatus  stm32f10x_usart.o
    0x08001a8e   0x00000054   Code   RO         2974    i.USART_GetITStatus  stm32f10x_usart.o
    0x08001ae2   0x0000004a   Code   RO         2976    i.USART_ITConfig    stm32f10x_usart.o
    0x08001b2c   0x000000d8   Code   RO         2977    i.USART_Init        stm32f10x_usart.o
    0x08001c04   0x0000000a   Code   RO         2984    i.USART_ReceiveData  stm32f10x_usart.o
    0x08001c0e   0x00000008   Code   RO         2987    i.USART_SendData    stm32f10x_usart.o
    0x08001c16   0x00000004   Code   RO          144    i.UsageFault_Handler  stm32f10x_it.o
    0x08001c1a   0x00000002   PAD
    0x08001c1c   0x00000020   Code   RO         3949    i.__0printf         mc_w.l(printfa.o)
    0x08001c3c   0x00000028   Code   RO         3951    i.__0sprintf        mc_w.l(printfa.o)
    0x08001c64   0x0000000c   Code   RO         4023    i.__read_errno      mc_w.l(errno.o)
    0x08001c70   0x0000000e   Code   RO         4057    i.__scatterload_copy  mc_w.l(handlers.o)
    0x08001c7e   0x00000002   Code   RO         4058    i.__scatterload_null  mc_w.l(handlers.o)
    0x08001c80   0x0000000e   Code   RO         4059    i.__scatterload_zeroinit  mc_w.l(handlers.o)
    0x08001c8e   0x00000002   PAD
    0x08001c90   0x0000000c   Code   RO         4024    i.__set_errno       mc_w.l(errno.o)
    0x08001c9c   0x00000164   Code   RO         3956    i._fp_digits        mc_w.l(printfa.o)
    0x08001e00   0x0000000e   Code   RO         4046    i._is_digit         mc_w.l(scanf_fp.o)
    0x08001e0e   0x00000002   PAD
    0x08001e10   0x000006dc   Code   RO         3957    i._printf_core      mc_w.l(printfa.o)
    0x080024ec   0x00000024   Code   RO         3958    i._printf_post_padding  mc_w.l(printfa.o)
    0x08002510   0x0000002e   Code   RO         3959    i._printf_pre_padding  mc_w.l(printfa.o)
    0x0800253e   0x0000000a   Code   RO         3961    i._sputc            mc_w.l(printfa.o)
    0x08002548   0x00000008   Code   RO         3660    i.atgm336h_init     atgm336h.o
    0x08002550   0x0000002a   Code   RO         3700    i.atof              m_ws.l(atof.o)
    0x0800257a   0x00000002   PAD
    0x0800257c   0x00000018   Code   RO         3209    i.es08ma_close      es08ma.o
    0x08002594   0x00000030   Code   RO         3499    i.es08ma_gpio_init  gpio.o
    0x080025c4   0x00000014   Code   RO         3210    i.es08ma_init       es08ma.o
    0x080025d8   0x00000018   Code   RO         3211    i.es08ma_open       es08ma.o
    0x080025f0   0x00000028   Code   RO         3212    i.es08ma_open_5s    es08ma.o
    0x08002618   0x00000022   Code   RO         3547    i.exti0_nvic_init   nvic.o
    0x0800263a   0x00000022   Code   RO         3548    i.exti7and9_nvic_init  nvic.o
    0x0800265c   0x00000024   Code   RO         3368    i.fputc             uart.o
    0x08002680   0x00000028   Code   RO         3475    i.hcsr04_1_exti_init  exti.o
    0x080026a8   0x00000040   Code   RO         3500    i.hcsr04_1_gpio_init  gpio.o
    0x080026e8   0x00000028   Code   RO         3309    i.hcsr04_1_init     hcsr04.o
    0x08002710   0x0000002a   Code   RO         3476    i.hcsr04_2_exti_init  exti.o
    0x0800273a   0x00000002   PAD
    0x0800273c   0x00000044   Code   RO         3501    i.hcsr04_2_gpio_init  gpio.o
    0x08002780   0x00000010   Code   RO         3310    i.hcsr04_2_init     hcsr04.o
    0x08002790   0x00000010   Code   RO         3285    i.k1_Init           k1.o
    0x080027a0   0x00000028   Code   RO         3477    i.k1_exti_init      exti.o
    0x080027c8   0x0000001c   Code   RO         3502    i.k1_gpio_init      gpio.o
    0x080027e4   0x0000009c   Code   RO         3415    i.latitude_str2unicode  sim900a.o
    0x08002880   0x00000024   Code   RO         3503    i.led_gpio_init     gpio.o
    0x080028a4   0x00000018   Code   RO         3260    i.led_init          led.o
    0x080028bc   0x00000014   Code   RO         3261    i.led_off           led.o
    0x080028d0   0x00000014   Code   RO         3262    i.led_on            led.o
    0x080028e4   0x00000094   Code   RO         3416    i.longtitude_str2unicode  sim900a.o
    0x08002978   0x00000110   Code   RO            1    i.main              main.o
    0x08002a88   0x000000f0   Code   RO         3663    i.parsegpsbuffer    atgm336h.o
    0x08002b78   0x0000001c   Code   RO         3605    i.rcc_init          rcc.o
    0x08002b94   0x00000008   Code   RO         3417    i.sim900a_init      sim900a.o
    0x08002b9c   0x00000118   Code   RO         3418    i.sim900a_send_location_mes  sim900a.o
    0x08002cb4   0x00000014   Code   RO         3419    i.sim_send_message  sim900a.o
    0x08002cc8   0x00000098   Code   RO         3420    i.str_2_unicode     sim900a.o
    0x08002d60   0x00000030   Code   RO         3617    i.timer1_init       timer.o
    0x08002d90   0x00000074   Code   RO         3618    i.timer3_init       timer.o
    0x08002e04   0x00000034   Code   RO         3549    i.timer3_nvic_init  nvic.o
    0x08002e38   0x00000038   Code   RO         3620    i.timer5_init       timer.o
    0x08002e70   0x00000020   Code   RO         3551    i.timer5_nvic_init  nvic.o
    0x08002e90   0x00000030   Code   RO         3622    i.timer7_init       timer.o
    0x08002ec0   0x00000038   Code   RO         3504    i.usart1_gpio_init  gpio.o
    0x08002ef8   0x00000054   Code   RO         3369    i.usart1_init       uart.o
    0x08002f4c   0x0000001e   Code   RO         3553    i.usart1_nvic_init  nvic.o
    0x08002f6a   0x00000002   PAD
    0x08002f6c   0x00000038   Code   RO         3505    i.usart2_gpio_init  gpio.o
    0x08002fa4   0x00000054   Code   RO         3370    i.usart2_init       uart.o
    0x08002ff8   0x00000020   Code   RO         3554    i.usart2_nvic_init  nvic.o
    0x08003018   0x0000003c   Code   RO         3371    i.usart2_print      uart.o
    0x08003054   0x000000b4   Code   RO         3372    i.usart3_init       uart.o
    0x08003108   0x00000040   Data   RO         4051    .constdata          mc_w.l(ctype_c.o)
    0x08003148   0x00000045   Data   RO         3422    .conststring        sim900a.o
    0x0800318d   0x00000003   PAD
    0x08003190   0x00000020   Data   RO         4055    Region$$Table       anon$$obj.o


    Execution Region RW_IRAM1 (Base: 0x20000000, Size: 0x00000600, Max: 0x0000c000, ABSOLUTE)

    Base Addr    Size         Type   Attr      Idx    E Section Name        Object

    0x20000000   0x00000001   Data   RW            2    .data               main.o
    0x20000001   0x00000014   Data   RW         1830    .data               stm32f10x_rcc.o
    0x20000015   0x00000001   PAD
    0x20000016   0x00000002   Data   RW         3213    .data               es08ma.o
    0x20000018   0x00000002   Data   RW         3286    .data               k1.o
    0x2000001a   0x00000002   PAD
    0x2000001c   0x0000000c   Data   RW         3311    .data               hcsr04.o
    0x20000028   0x00000004   Data   RW         3343    .data               systick.o
    0x2000002c   0x00000008   Data   RW         3423    .data               sim900a.o
    0x20000034   0x00000001   Data   RW         3665    .data               atgm336h.o
    0x20000035   0x00000003   PAD
    0x20000038   0x00000004   Data   RW         4011    .data               mc_w.l(stdout.o)
    0x2000003c   0x00000004   Data   RW         4025    .data               mc_w.l(errno.o)
    0x20000040   0x00000064   Zero   RW         3421    .bss                sim900a.o
    0x200000a4   0x00000155   Zero   RW         3664    .bss                atgm336h.o
    0x200001f9   0x00000007   PAD
    0x20000200   0x00000400   Zero   RW         3200    STACK               startup_stm32f10x_hd.o


==============================================================================

Image component sizes


      Code (inc. data)   RO Data    RW Data    ZI Data      Debug   Object Name

       408         34          0          1        341       2407   atgm336h.o
       188         30          0          2          0      17651   es08ma.o
       122          0          0          0          0       1393   exti.o
       356         38          0          0          0       3222   gpio.o
       472         52          0         12          0       2182   hcsr04.o
        96         14          0          2          0        877   k1.o
        64         18          0          0          0       1198   led.o
       272        108          0          1          0     258138   main.o
       132         22          0          0          0       1559   misc.o
       214          4          0          0          0      17963   nvic.o
        28          6          0          0          0        407   rcc.o
      1012        276         69          8        100       4746   sim900a.o
        36          8        304          0       1024        892   startup_stm32f10x_hd.o
       200         18          0          0          0       2132   stm32f10x_exti.o
       512         10          0          0          0       5140   stm32f10x_gpio.o
        26          0          0          0          0       3402   stm32f10x_it.o
       276         32          0         20          0       4446   stm32f10x_rcc.o
       460         62          0          0          0       7614   stm32f10x_tim.o
       490          6          0          0          0       7397   stm32f10x_usart.o
       328         28          0          0          0       1713   system_stm32f10x.o
       204         14          0          4          0       1195   systick.o
       268         16          0          0          0       1956   timer.o
       548         46          0          0          0       3573   uart.o

    ----------------------------------------------------------------------
      6732        842        408         56       1472     351203   Object Totals
         0          0         32          0          0          0   (incl. Generated)
        20          0          3          6          7          0   (incl. Padding)

    ----------------------------------------------------------------------

      Code (inc. data)   RO Data    RW Data    ZI Data      Debug   Library Member Name

        42          0          0          0          0         84   atof.o
        64          0          0          0          0         84   _sgetc.o
        40          6         64          0          0         68   ctype_c.o
         0          0          0          0          0          0   entry.o
         0          0          0          0          0          0   entry10a.o
         0          0          0          0          0          0   entry11a.o
         8          4          0          0          0          0   entry2.o
         4          0          0          0          0          0   entry5.o
         0          0          0          0          0          0   entry7b.o
         0          0          0          0          0          0   entry8b.o
         8          4          0          0          0          0   entry9a.o
        24         12          0          4          0        136   errno.o
        30          0          0          0          0          0   handlers.o
        36          8          0          0          0         68   init.o
        10          0          0          0          0         68   isspace_c.o
         0          0          0          0          0          0   iusefp.o
        30          0          0          0          0         68   llshl.o
        36          0          0          0          0         68   llsshr.o
        32          0          0          0          0         68   llushr.o
        36          0          0          0          0         68   memcpya.o
        36          0          0          0          0        108   memseta.o
      2276         96          0          0          0        596   printfa.o
       838         12          0          0          0        216   scanf_fp.o
         0          0          0          4          0          0   stdout.o
        24          0          0          0          0         68   strcat.o
        36          0          0          0          0         80   strstr.o
       156         14          0          0          0        120   strtod.o
        44          0          0          0          0         80   uidiv.o
        98          0          0          0          0         92   uldiv.o
        48          0          0          0          0         68   cdcmple.o
        48          0          0          0          0         68   cdrcmple.o
        56          0          0          0          0         88   d2f.o
       334          0          0          0          0        148   dadd.o
       222          0          0          0          0        100   ddiv.o
       186          0          0          0          0        176   depilogue.o
        62          0          0          0          0         80   dfixi.o
        48          0          0          0          0         68   dfixul.o
        24          0          0          0          0         76   dfltul.o
       228          0          0          0          0         96   dmul.o
        38          0          0          0          0         68   f2d.o
       176          0          0          0          0        140   fadd.o
       110          0          0          0          0        168   fepilogue.o
        18          0          0          0          0         68   fflti.o

    ----------------------------------------------------------------------
      5516        156         64          8          0       3552   Library Totals
        10          0          0          0          0          0   (incl. Padding)

    ----------------------------------------------------------------------

      Code (inc. data)   RO Data    RW Data    ZI Data      Debug   Library Name

        42          0          0          0          0         84   m_ws.l
      3866        156         64          8          0       2056   mc_w.l
      1598          0          0          0          0       1412   mf_w.l

    ----------------------------------------------------------------------
      5516        156         64          8          0       3552   Library Totals

    ----------------------------------------------------------------------

==============================================================================


      Code (inc. data)   RO Data    RW Data    ZI Data      Debug   

     12248        998        472         64       1472     347887   Grand Totals
     12248        998        472         64       1472     347887   ELF Image Totals
     12248        998        472         64          0          0   ROM Totals

==============================================================================

    Total RO  Size (Code + RO Data)                12720 (  12.42kB)
    Total RW  Size (RW Data + ZI Data)              1536 (   1.50kB)
    Total ROM Size (Code + RO Data + RW Data)      12784 (  12.48kB)

==============================================================================

